C:\Users\katha\Documents\Studium\Master\MASTER_THESIS\research\approach3\tryout_playground\.venv\Scripts\python.exe C:\Users\katha\Documents\Studium\Master\MASTER_THESIS\research\approach3\tryout_playground\run_k_sequential_pipeline_runs.py
----------------------------------------------------------------------------
    Starting run 0:
input tokens: 3087
output tokens: 70
total tokens: 3157
*** Response, global problem/datatypes:
Item = DSRecord({
    "width": DSInt(),
    "height": DSInt()
})

ItemBoxAssignment = DSRecord({
    "item_id": DSInt(),
    "box_id": DSInt()
})

XYPosition = DSRecord({
    "x": DSInt(),
    "y": DSInt()
})


input tokens: 2914
output tokens: 287
total tokens: 3201
*** Response, constants: [
    {
        "description": "Height of the box",
        "variable_name": "BOX_HEIGHT",
        "type": "int",
        "initialization": "BOX_HEIGHT : int = 6"
    },
    {
        "description": "Width of the box",
        "variable_name": "BOX_WIDTH",
        "type": "int",
        "initialization": "BOX_WIDTH : int = 10"
    },
    {
        "description": "List of items with their dimensions",
        "variable_name": "ITEMS",
        "type": "DSList(length=6, elem_type=Item)",
        "initialization": "ITEM1 : Item = {\"width\": 4, \"height\": 3}\nITEM2 : Item = {\"width\": 3, \"height\": 2}\nITEM3 : Item = {\"width\": 5, \"height\": 3}\nITEM4 : Item = {\"width\": 2, \"height\": 4}\nITEM5 : Item = {\"width\": 3, \"height\": 3}\nITEM6 : Item = {\"width\": 5, \"height\": 2}\nITEMS : DSList(length=6, elem_type=Item) = [ITEM1, ITEM2, ITEM3, ITEM4, ITEM5, ITEM6]"
    }
]

input tokens: 3129
output tokens: 196
total tokens: 3325
*** Response (decision) variables: [
    {
        "description": "Number of boxes used to pack all items, minimized in the objective",
        "variable_name": "nr_used_boxes",
        "type": "DSInt()",
        "initialization": "nr_used_boxes : DSInt()"
    },
    {
        "description": "Assignment of each item to a box",
        "variable_name": "item_box_assignment",
        "type": "DSList(length=6, elem_type=ItemBoxAssignment)",
        "initialization": "item_box_assignment : DSList(length=6, elem_type=ItemBoxAssignment)"
    },
    {
        "description": "X and Y positions of each item within its assigned box",
        "variable_name": "x_y_positions",
        "type": "DSList(length=6, elem_type=XYPosition)",
        "initialization": "x_y_positions : DSList(length=6, elem_type=XYPosition)"
    }
]

input tokens: 3006
output tokens: 118
total tokens: 3124
Error processing statement: for i in range(1, N_item_box_assignment + 1):
    assignment: ItemBoxAssignment = assignments[i]
    if assignment.box_id > max_box_id:
        max_box_id = assignment.box_id
Traceback (most recent call last):
  File "C:\Users\katha\Documents\Studium\Master\MASTER_THESIS\research\approach3\tryout_playground\Translator\Objects\CodeBlock.py", line 63, in execute_block
    self.execute_block_for(stmt, loop_scope)
  File "C:\Users\katha\Documents\Studium\Master\MASTER_THESIS\research\approach3\tryout_playground\Translator\Objects\CodeBlock.py", line 342, in execute_block_for
    iter_values, loop_vars = self._resolve_range_iter(stmt, loop_scope)
                             ^^^^^^^^^^^^^^^^^^^^^^^^^^^^^^^^^^^^^^^^^^
  File "C:\Users\katha\Documents\Studium\Master\MASTER_THESIS\research\approach3\tryout_playground\Translator\Objects\CodeBlock.py", line 420, in _resolve_range_iter
    end_val = ExpressionRewriter(loop_scope, code_block=self).get_expr_value(end_node)
              ^^^^^^^^^^^^^^^^^^^^^^^^^^^^^^^^^^^^^^^^^^^^^^^^^^^^^^^^^^^^^^^^^^^^^^^^
  File "C:\Users\katha\Documents\Studium\Master\MASTER_THESIS\research\approach3\tryout_playground\Translator\Tools.py", line 29, in get_expr_value
    string_expr = self.rewrite_expr(expr)
                  ^^^^^^^^^^^^^^^^^^^^^^^
  File "C:\Users\katha\Documents\Studium\Master\MASTER_THESIS\research\approach3\tryout_playground\Translator\Tools.py", line 44, in rewrite_expr
    left = self.rewrite_expr(expr.left)
           ^^^^^^^^^^^^^^^^^^^^^^^^^^^^
  File "C:\Users\katha\Documents\Studium\Master\MASTER_THESIS\research\approach3\tryout_playground\Translator\Tools.py", line 110, in rewrite_expr
    return self.variable_table[name].versioned_name()
           ~~~~~~~~~~~~~~~~~~~^^^^^^
KeyError: 'N_item_box_assignment'

The above exception was the direct cause of the following exception:

Traceback (most recent call last):
  File "C:\Users\katha\Documents\Studium\Master\MASTER_THESIS\research\approach3\tryout_playground\structures_utils.py", line 330, in check_executability
    model = MiniZincTranslator(variable_block).unroll_translation()
            ^^^^^^^^^^^^^^^^^^^^^^^^^^^^^^^^^^^^^^^^^^^^^^^^^^^^^^^
  File "C:\Users\katha\Documents\Studium\Master\MASTER_THESIS\research\approach3\tryout_playground\Translator\Objects\MiniZincTranslator.py", line 27, in unroll_translation
    self.parse()
  File "C:\Users\katha\Documents\Studium\Master\MASTER_THESIS\research\approach3\tryout_playground\Translator\Objects\MiniZincTranslator.py", line 72, in parse
    pred = Predicate(node,
           ^^^^^^^^^^^^^^^
  File "C:\Users\katha\Documents\Studium\Master\MASTER_THESIS\research\approach3\tryout_playground\Translator\Objects\Predicate.py", line 37, in __init__
    self.run(func_body, loop_scope={})
  File "C:\Users\katha\Documents\Studium\Master\MASTER_THESIS\research\approach3\tryout_playground\Translator\Objects\CodeBlock.py", line 43, in run
    self.execute_block(block, {} if loop_scope is None else loop_scope)
  File "C:\Users\katha\Documents\Studium\Master\MASTER_THESIS\research\approach3\tryout_playground\Translator\Objects\CodeBlock.py", line 96, in execute_block
    raise Exception(f"Error processing statement: {ast.unparse(stmt)}") from e
Exception: Error processing statement: for i in range(1, N_item_box_assignment + 1):
    assignment: ItemBoxAssignment = assignments[i]
    if assignment.box_id > max_box_id:
        max_box_id = assignment.box_id
Checking node created for level 3 not executable: KeyError - 'N_item_box_assignment', occurring at: for i in range(1, N_item_box_assignment + 1):
    assignment: ItemBoxAssignment = assignments[i]
    if assignment.box_id > max_box_id:
        max_box_id = assignment.box_id


input tokens: 2835
output tokens: 117
total tokens: 2952
Sending feedback for a partial job well done.
input tokens: 470
output tokens: 1
total tokens: 471
*** Obj. function:
# --- objective ---
def calculate_objective(assignments: DSList(length=6, elem_type=ItemBoxAssignment)) -> DSInt():
    max_box_id : DSInt() = 0
    for i in range(1, N_ITEMS + 1):
        assignment : ItemBoxAssignment = assignments[i]
        if assignment.box_id > max_box_id:
            max_box_id = assignment.box_id
    return max_box_id

temp_objective : DSInt() = calculate_objective(item_box_assignment)
assert objective == temp_objective

Sending feedback for a partial job well done.
input tokens: 470
output tokens: 1
total tokens: 471
input tokens: 3271
output tokens: 279
total tokens: 3550
step before check: box_id[1] of type <class 'str'>
step before check: box_id[2] of type <class 'str'>
step before check: box_id[3] of type <class 'str'>
step before check: box_id[4] of type <class 'str'>
step before check: box_id[5] of type <class 'str'>
step before check: box_id[6] of type <class 'str'>
Error processing statement: box_areas: DSList(length=6, elem_type=DSInt()) = DSList(length=6, elem_type=DSInt())
Traceback (most recent call last):
  File "C:\Users\katha\Documents\Studium\Master\MASTER_THESIS\research\approach3\tryout_playground\Translator\Objects\CodeBlock.py", line 72, in execute_block
    self.execute_block_annassign(stmt, loop_scope)
  File "C:\Users\katha\Documents\Studium\Master\MASTER_THESIS\research\approach3\tryout_playground\Translator\Objects\CodeBlock.py", line 613, in execute_block_annassign
    self.execute_block_assign(stmt.target, stmt.value, loop_scope)
  File "C:\Users\katha\Documents\Studium\Master\MASTER_THESIS\research\approach3\tryout_playground\Translator\Objects\CodeBlock.py", line 124, in execute_block_assign
    rhs_expr = ExpressionRewriter(loop_scope, code_block=self).rewrite_expr(rhs)
               ^^^^^^^^^^^^^^^^^^^^^^^^^^^^^^^^^^^^^^^^^^^^^^^^^^^^^^^^^^^^^^^^^
  File "C:\Users\katha\Documents\Studium\Master\MASTER_THESIS\research\approach3\tryout_playground\Translator\Tools.py", line 192, in rewrite_expr
    raise ValueError(f"DS-type constructor should not appear in expressions: {expr}")
ValueError: DS-type constructor should not appear in expressions: <ast.Call object at 0x0000025B6734C750>

The above exception was the direct cause of the following exception:

Traceback (most recent call last):
  File "C:\Users\katha\Documents\Studium\Master\MASTER_THESIS\research\approach3\tryout_playground\structures_utils.py", line 330, in check_executability
    model = MiniZincTranslator(variable_block).unroll_translation()
            ^^^^^^^^^^^^^^^^^^^^^^^^^^^^^^^^^^^^^^^^^^^^^^^^^^^^^^^
  File "C:\Users\katha\Documents\Studium\Master\MASTER_THESIS\research\approach3\tryout_playground\Translator\Objects\MiniZincTranslator.py", line 28, in unroll_translation
    return self.compile()
           ^^^^^^^^^^^^^^
  File "C:\Users\katha\Documents\Studium\Master\MASTER_THESIS\research\approach3\tryout_playground\Translator\Objects\MiniZincTranslator.py", line 87, in compile
    block.run(self.top_level_stmts, loop_scope={})
  File "C:\Users\katha\Documents\Studium\Master\MASTER_THESIS\research\approach3\tryout_playground\Translator\Objects\CodeBlock.py", line 43, in run
    self.execute_block(block, {} if loop_scope is None else loop_scope)
  File "C:\Users\katha\Documents\Studium\Master\MASTER_THESIS\research\approach3\tryout_playground\Translator\Objects\CodeBlock.py", line 96, in execute_block
    raise Exception(f"Error processing statement: {ast.unparse(stmt)}") from e
Exception: Error processing statement: box_areas: DSList(length=6, elem_type=DSInt()) = DSList(length=6, elem_type=DSInt())
Checking node created for level 4 not executable: ValueError - DS-type constructor should not appear in expressions: <ast.Call object at 0x0000025B6734C750>, occurring at: box_areas: DSList(length=6, elem_type=DSInt()) = DSList(length=6, elem_type=DSInt())


input tokens: 3125
output tokens: 285
total tokens: 3410
step before check: box_id[1] of type <class 'str'>
step before check: box_id[2] of type <class 'str'>
step before check: box_id[3] of type <class 'str'>
step before check: box_id[4] of type <class 'str'>
step before check: box_id[5] of type <class 'str'>
step before check: box_id[6] of type <class 'str'>
Error processing statement: box_areas: DSList(length=6, elem_type=DSInt()) = DSList(length=6, elem_type=DSInt())
Traceback (most recent call last):
  File "C:\Users\katha\Documents\Studium\Master\MASTER_THESIS\research\approach3\tryout_playground\Translator\Objects\CodeBlock.py", line 72, in execute_block
    self.execute_block_annassign(stmt, loop_scope)
  File "C:\Users\katha\Documents\Studium\Master\MASTER_THESIS\research\approach3\tryout_playground\Translator\Objects\CodeBlock.py", line 613, in execute_block_annassign
    self.execute_block_assign(stmt.target, stmt.value, loop_scope)
  File "C:\Users\katha\Documents\Studium\Master\MASTER_THESIS\research\approach3\tryout_playground\Translator\Objects\CodeBlock.py", line 124, in execute_block_assign
    rhs_expr = ExpressionRewriter(loop_scope, code_block=self).rewrite_expr(rhs)
               ^^^^^^^^^^^^^^^^^^^^^^^^^^^^^^^^^^^^^^^^^^^^^^^^^^^^^^^^^^^^^^^^^
  File "C:\Users\katha\Documents\Studium\Master\MASTER_THESIS\research\approach3\tryout_playground\Translator\Tools.py", line 192, in rewrite_expr
    raise ValueError(f"DS-type constructor should not appear in expressions: {expr}")
ValueError: DS-type constructor should not appear in expressions: <ast.Call object at 0x0000025B672F47D0>

The above exception was the direct cause of the following exception:

Traceback (most recent call last):
  File "C:\Users\katha\Documents\Studium\Master\MASTER_THESIS\research\approach3\tryout_playground\structures_utils.py", line 330, in check_executability
    model = MiniZincTranslator(variable_block).unroll_translation()
            ^^^^^^^^^^^^^^^^^^^^^^^^^^^^^^^^^^^^^^^^^^^^^^^^^^^^^^^
  File "C:\Users\katha\Documents\Studium\Master\MASTER_THESIS\research\approach3\tryout_playground\Translator\Objects\MiniZincTranslator.py", line 28, in unroll_translation
    return self.compile()
           ^^^^^^^^^^^^^^
  File "C:\Users\katha\Documents\Studium\Master\MASTER_THESIS\research\approach3\tryout_playground\Translator\Objects\MiniZincTranslator.py", line 87, in compile
    block.run(self.top_level_stmts, loop_scope={})
  File "C:\Users\katha\Documents\Studium\Master\MASTER_THESIS\research\approach3\tryout_playground\Translator\Objects\CodeBlock.py", line 43, in run
    self.execute_block(block, {} if loop_scope is None else loop_scope)
  File "C:\Users\katha\Documents\Studium\Master\MASTER_THESIS\research\approach3\tryout_playground\Translator\Objects\CodeBlock.py", line 96, in execute_block
    raise Exception(f"Error processing statement: {ast.unparse(stmt)}") from e
Exception: Error processing statement: box_areas: DSList(length=6, elem_type=DSInt()) = DSList(length=6, elem_type=DSInt())
Checking node created for level 4 not executable: ValueError - DS-type constructor should not appear in expressions: <ast.Call object at 0x0000025B672F47D0>, occurring at: box_areas: DSList(length=6, elem_type=DSInt()) = DSList(length=6, elem_type=DSInt())


input tokens: 3131
output tokens: 285
total tokens: 3416
Error processing statement: box_areas: DSList(length=6, elem_type=DSInt()) = DSList(length=6, elem_type=DSInt())
Traceback (most recent call last):
  File "C:\Users\katha\Documents\Studium\Master\MASTER_THESIS\research\approach3\tryout_playground\Translator\Objects\CodeBlock.py", line 72, in execute_block
    self.execute_block_annassign(stmt, loop_scope)
  File "C:\Users\katha\Documents\Studium\Master\MASTER_THESIS\research\approach3\tryout_playground\Translator\Objects\CodeBlock.py", line 613, in execute_block_annassign
    self.execute_block_assign(stmt.target, stmt.value, loop_scope)
  File "C:\Users\katha\Documents\Studium\Master\MASTER_THESIS\research\approach3\tryout_playground\Translator\Objects\CodeBlock.py", line 124, in execute_block_assign
    rhs_expr = ExpressionRewriter(loop_scope, code_block=self).rewrite_expr(rhs)
               ^^^^^^^^^^^^^^^^^^^^^^^^^^^^^^^^^^^^^^^^^^^^^^^^^^^^^^^^^^^^^^^^^
  File "C:\Users\katha\Documents\Studium\Master\MASTER_THESIS\research\approach3\tryout_playground\Translator\Tools.py", line 192, in rewrite_expr
    raise ValueError(f"DS-type constructor should not appear in expressions: {expr}")
ValueError: DS-type constructor should not appear in expressions: <ast.Call object at 0x0000025B673470D0>

The above exception was the direct cause of the following exception:

Traceback (most recent call last):
  File "C:\Users\katha\Documents\Studium\Master\MASTER_THESIS\research\approach3\tryout_playground\structures_utils.py", line 330, in check_executability
    model = MiniZincTranslator(variable_block).unroll_translation()
            ^^^^^^^^^^^^^^^^^^^^^^^^^^^^^^^^^^^^^^^^^^^^^^^^^^^^^^^
  File "C:\Users\katha\Documents\Studium\Master\MASTER_THESIS\research\approach3\tryout_playground\Translator\Objects\MiniZincTranslator.py", line 28, in unroll_translation
    return self.compile()
           ^^^^^^^^^^^^^^
  File "C:\Users\katha\Documents\Studium\Master\MASTER_THESIS\research\approach3\tryout_playground\Translator\Objects\MiniZincTranslator.py", line 87, in compile
    block.run(self.top_level_stmts, loop_scope={})
  File "C:\Users\katha\Documents\Studium\Master\MASTER_THESIS\research\approach3\tryout_playground\Translator\Objects\CodeBlock.py", line 43, in run
    self.execute_block(block, {} if loop_scope is None else loop_scope)
  File "C:\Users\katha\Documents\Studium\Master\MASTER_THESIS\research\approach3\tryout_playground\Translator\Objects\CodeBlock.py", line 96, in execute_block
    raise Exception(f"Error processing statement: {ast.unparse(stmt)}") from e
Exception: Error processing statement: box_areas: DSList(length=6, elem_type=DSInt()) = DSList(length=6, elem_type=DSInt())
step before check: box_id[1] of type <class 'str'>
step before check: box_id[2] of type <class 'str'>
step before check: box_id[3] of type <class 'str'>
step before check: box_id[4] of type <class 'str'>
step before check: box_id[5] of type <class 'str'>
step before check: box_id[6] of type <class 'str'>
Checking node created for level 4 not executable: ValueError - DS-type constructor should not appear in expressions: <ast.Call object at 0x0000025B673470D0>, occurring at: box_areas: DSList(length=6, elem_type=DSInt()) = DSList(length=6, elem_type=DSInt())


input tokens: 3131
output tokens: 285
total tokens: 3416
step before check: box_id[1] of type <class 'str'>
step before check: box_id[2] of type <class 'str'>
step before check: box_id[3] of type <class 'str'>
step before check: box_id[4] of type <class 'str'>
step before check: box_id[5] of type <class 'str'>
step before check: box_id[6] of type <class 'str'>
Error processing statement: box_areas: DSList(length=6, elem_type=DSInt()) = DSList(length=6, elem_type=DSInt())
Traceback (most recent call last):
  File "C:\Users\katha\Documents\Studium\Master\MASTER_THESIS\research\approach3\tryout_playground\Translator\Objects\CodeBlock.py", line 72, in execute_block
    self.execute_block_annassign(stmt, loop_scope)
  File "C:\Users\katha\Documents\Studium\Master\MASTER_THESIS\research\approach3\tryout_playground\Translator\Objects\CodeBlock.py", line 613, in execute_block_annassign
    self.execute_block_assign(stmt.target, stmt.value, loop_scope)
  File "C:\Users\katha\Documents\Studium\Master\MASTER_THESIS\research\approach3\tryout_playground\Translator\Objects\CodeBlock.py", line 124, in execute_block_assign
    rhs_expr = ExpressionRewriter(loop_scope, code_block=self).rewrite_expr(rhs)
               ^^^^^^^^^^^^^^^^^^^^^^^^^^^^^^^^^^^^^^^^^^^^^^^^^^^^^^^^^^^^^^^^^
  File "C:\Users\katha\Documents\Studium\Master\MASTER_THESIS\research\approach3\tryout_playground\Translator\Tools.py", line 192, in rewrite_expr
    raise ValueError(f"DS-type constructor should not appear in expressions: {expr}")
ValueError: DS-type constructor should not appear in expressions: <ast.Call object at 0x0000025B672DC750>

The above exception was the direct cause of the following exception:

Traceback (most recent call last):
  File "C:\Users\katha\Documents\Studium\Master\MASTER_THESIS\research\approach3\tryout_playground\structures_utils.py", line 330, in check_executability
    model = MiniZincTranslator(variable_block).unroll_translation()
            ^^^^^^^^^^^^^^^^^^^^^^^^^^^^^^^^^^^^^^^^^^^^^^^^^^^^^^^
  File "C:\Users\katha\Documents\Studium\Master\MASTER_THESIS\research\approach3\tryout_playground\Translator\Objects\MiniZincTranslator.py", line 28, in unroll_translation
    return self.compile()
           ^^^^^^^^^^^^^^
  File "C:\Users\katha\Documents\Studium\Master\MASTER_THESIS\research\approach3\tryout_playground\Translator\Objects\MiniZincTranslator.py", line 87, in compile
    block.run(self.top_level_stmts, loop_scope={})
  File "C:\Users\katha\Documents\Studium\Master\MASTER_THESIS\research\approach3\tryout_playground\Translator\Objects\CodeBlock.py", line 43, in run
    self.execute_block(block, {} if loop_scope is None else loop_scope)
  File "C:\Users\katha\Documents\Studium\Master\MASTER_THESIS\research\approach3\tryout_playground\Translator\Objects\CodeBlock.py", line 96, in execute_block
    raise Exception(f"Error processing statement: {ast.unparse(stmt)}") from e
Exception: Error processing statement: box_areas: DSList(length=6, elem_type=DSInt()) = DSList(length=6, elem_type=DSInt())
Checking node created for level 4 not executable: ValueError - DS-type constructor should not appear in expressions: <ast.Call object at 0x0000025B672DC750>, occurring at: box_areas: DSList(length=6, elem_type=DSInt()) = DSList(length=6, elem_type=DSInt())


input tokens: 3130
output tokens: 271
total tokens: 3401
Swaping from qwen.qwen3-coder-480b-a35b-v1:0 to qwen.qwen3-coder-30b-a3b-v1:0.
step before check: box_id[1] of type <class 'str'>
step before check: box_id[2] of type <class 'str'>
step before check: box_id[3] of type <class 'str'>
step before check: box_id[4] of type <class 'str'>
step before check: box_id[5] of type <class 'str'>
step before check: box_id[6] of type <class 'str'>
*** Constraints:
# --- Auxiliary Variables ---
box_areas : DSList(length=6, elem_type=DSInt())
# --- constraints ---
def fit_items_in_box(items: DSList(length=6, elem_type=Item),
                     assignments: DSList(length=6, elem_type=ItemBoxAssignment),
                     positions: DSList(length=6, elem_type=XYPosition),
                     box_areas: DSList(length=6, elem_type=DSInt())):
    for i in range(1, N_ITEMS + 1):
        item : Item = items[i]
        assignment : ItemBoxAssignment = assignments[i]
        position : XYPosition = positions[i]
        box_id : DSInt() = assignment.box_id

        # Item must fit within box dimensions
        assert position.x + item.width <= BOX_WIDTH
        assert position.y + item.height <= BOX_HEIGHT

        # Update box area usage
        box_areas[box_id] = box_areas[box_id] + (item.width * item.height)

    # Box area must not exceed maximum capacity
    for b in range(1, N_ITEMS + 1):
        assert box_areas[b] <= BOX_WIDTH * BOX_HEIGHT

fit_items_in_box(ITEMS, item_box_assignment, x_y_positions, box_areas)

Sending feedback for a partial job well done.
step before check: box_id[1] of type <class 'str'>
step before check: box_id[2] of type <class 'str'>
step before check: box_id[3] of type <class 'str'>
step before check: box_id[4] of type <class 'str'>
step before check: box_id[5] of type <class 'str'>
step before check: box_id[6] of type <class 'str'>
*** Constraints:
# --- Auxiliary Variables ---
# Already defined: nr_used_boxes, box_areas
# --- constraints ---
def no_overlap_constraint(items: DSList(length=6, elem_type=Item),
                          assignments: DSList(length=6, elem_type=ItemBoxAssignment),
                          positions: DSList(length=6, elem_type=XYPosition)):
    for i in range(1, N_ITEMS + 1):
        item1 : Item = items[i]
        assignment1 : ItemBoxAssignment = assignments[i]
        position1 : XYPosition = positions[i]

        for j in range(i + 1, N_ITEMS + 1):
            item2 : Item = items[j]
            assignment2 : ItemBoxAssignment = assignments[j]
            position2 : XYPosition = positions[j]

            # Items must be in the same box
            assert assignment1.box_id == assignment2.box_id

            # Items must not overlap
            # Check if rectangles intersect
            # Rectangle 1: (position1.x, position1.y) to (position1.x + item1.width, position1.y + item1.height)
            # Rectangle 2: (position2.x, position2.y) to (position2.x + item2.width, position2.y + item2.height)

            # Check for intersection using axis-aligned bounding box method
            # If they don't overlap on either axis, then they don't intersect
            # Non-overlapping conditions:
            # rect1.right <= rect2.left OR rect2.right <= rect1.left OR
            # rect1.top <= rect2.bottom OR rect2.top <= rect1.bottom

            # For non-overlapping on x-axis
            assert position1.x + item1.width <= position2.x or position2.x + item2.width <= position1.x

            # For non-overlapping on y-axis
            assert position1.y + item1.height <= position2.y or position2.y + item2.height <= position1.y

no_overlap_constraint(ITEMS, item_box_assignment, x_y_positions)

Sending feedback for a partial job well done.
step before check: box_id[1] of type <class 'str'>
step before check: box_id[2] of type <class 'str'>
step before check: box_id[3] of type <class 'str'>
step before check: box_id[4] of type <class 'str'>
step before check: box_id[5] of type <class 'str'>
step before check: box_id[6] of type <class 'str'>
*** Constraints:
# --- Auxiliary Variables ---
# Already defined: nr_used_boxes, box_areas
# --- constraints ---
def assign_items_to_boxes(items: DSList(length=6, elem_type=Item),
                          assignments: DSList(length=6, elem_type=ItemBoxAssignment)):
    # Each item must be assigned to exactly one box
    for i in range(1, N_ITEMS + 1):
        assignment : ItemBoxAssignment = assignments[i]
        # Box ID must be positive
        assert assignment.box_id >= 1
        # Box ID cannot exceed number of items (as we have at most one box per item)
        assert assignment.box_id <= N_ITEMS

assign_items_to_boxes(ITEMS, item_box_assignment)

Sending feedback for a partial job well done.
Full formulation:


# -- Objects --


Item = DSRecord({
    "width": DSInt(),
    "height": DSInt()
})

ItemBoxAssignment = DSRecord({
    "item_id": DSInt(),
    "box_id": DSInt()
})

XYPosition = DSRecord({
    "x": DSInt(),
    "y": DSInt()
})



# --- Constants ---
BOX_HEIGHT : int = 6
BOX_WIDTH : int = 10
ITEM1 : Item = {"width": 4, "height": 3}
ITEM2 : Item = {"width": 3, "height": 2}
ITEM3 : Item = {"width": 5, "height": 3}
ITEM4 : Item = {"width": 2, "height": 4}
ITEM5 : Item = {"width": 3, "height": 3}
ITEM6 : Item = {"width": 5, "height": 2}
ITEMS : DSList(length=6, elem_type=Item) = [ITEM1, ITEM2, ITEM3, ITEM4, ITEM5, ITEM6]
nr_used_boxes : DSInt()
item_box_assignment : DSList(length=6, elem_type=ItemBoxAssignment)
x_y_positions : DSList(length=6, elem_type=XYPosition)
N_ITEMS : int = 6
N_item_box_assignment : int = 6
N_x_y_positions : int = 6


# -- Objective --


# --- objective ---
def calculate_objective(assignments: DSList(length=6, elem_type=ItemBoxAssignment)) -> DSInt():
    max_box_id : DSInt() = 0
    for i in range(1, N_ITEMS + 1):
        assignment : ItemBoxAssignment = assignments[i]
        if assignment.box_id > max_box_id:
            max_box_id = assignment.box_id
    return max_box_id

temp_objective : DSInt() = calculate_objective(item_box_assignment)
assert objective == temp_objective

# -- Constraints --


# --- Auxiliary Variables ---
box_areas : DSList(length=6, elem_type=DSInt())
# --- constraints ---
def fit_items_in_box(items: DSList(length=6, elem_type=Item),
                     assignments: DSList(length=6, elem_type=ItemBoxAssignment),
                     positions: DSList(length=6, elem_type=XYPosition),
                     box_areas: DSList(length=6, elem_type=DSInt())):
    for i in range(1, N_ITEMS + 1):
        item : Item = items[i]
        assignment : ItemBoxAssignment = assignments[i]
        position : XYPosition = positions[i]
        box_id : DSInt() = assignment.box_id

        # Item must fit within box dimensions
        assert position.x + item.width <= BOX_WIDTH
        assert position.y + item.height <= BOX_HEIGHT

        # Update box area usage
        box_areas[box_id] = box_areas[box_id] + (item.width * item.height)

    # Box area must not exceed maximum capacity
    for b in range(1, N_ITEMS + 1):
        assert box_areas[b] <= BOX_WIDTH * BOX_HEIGHT

fit_items_in_box(ITEMS, item_box_assignment, x_y_positions, box_areas)

# --- Auxiliary Variables ---
# Already defined: nr_used_boxes, box_areas
# --- constraints ---
def no_overlap_constraint(items: DSList(length=6, elem_type=Item),
                          assignments: DSList(length=6, elem_type=ItemBoxAssignment),
                          positions: DSList(length=6, elem_type=XYPosition)):
    for i in range(1, N_ITEMS + 1):
        item1 : Item = items[i]
        assignment1 : ItemBoxAssignment = assignments[i]
        position1 : XYPosition = positions[i]

        for j in range(i + 1, N_ITEMS + 1):
            item2 : Item = items[j]
            assignment2 : ItemBoxAssignment = assignments[j]
            position2 : XYPosition = positions[j]

            # Items must be in the same box
            assert assignment1.box_id == assignment2.box_id

            # Items must not overlap
            # Check if rectangles intersect
            # Rectangle 1: (position1.x, position1.y) to (position1.x + item1.width, position1.y + item1.height)
            # Rectangle 2: (position2.x, position2.y) to (position2.x + item2.width, position2.y + item2.height)

            # Check for intersection using axis-aligned bounding box method
            # If they don't overlap on either axis, then they don't intersect
            # Non-overlapping conditions:
            # rect1.right <= rect2.left OR rect2.right <= rect1.left OR
            # rect1.top <= rect2.bottom OR rect2.top <= rect1.bottom

            # For non-overlapping on x-axis
            assert position1.x + item1.width <= position2.x or position2.x + item2.width <= position1.x

            # For non-overlapping on y-axis
            assert position1.y + item1.height <= position2.y or position2.y + item2.height <= position1.y

no_overlap_constraint(ITEMS, item_box_assignment, x_y_positions)

# --- Auxiliary Variables ---
# Already defined: nr_used_boxes, box_areas
# --- constraints ---
def assign_items_to_boxes(items: DSList(length=6, elem_type=Item),
                          assignments: DSList(length=6, elem_type=ItemBoxAssignment)):
    # Each item must be assigned to exactly one box
    for i in range(1, N_ITEMS + 1):
        assignment : ItemBoxAssignment = assignments[i]
        # Box ID must be positive
        assert assignment.box_id >= 1
        # Box ID cannot exceed number of items (as we have at most one box per item)
        assert assignment.box_id <= N_ITEMS

assign_items_to_boxes(ITEMS, item_box_assignment)
**************************
Total failed steps: 0
**************************
----------------------------------------------------------------------------
----------------------------------------------------------------------------
    Starting run 1:
input tokens: 3087
output tokens: 54
total tokens: 3141
*** Response, global problem/datatypes:
Item = DSRecord({
    "width": DSInt(),
    "height": DSInt()
})

BoxAssignment = DSRecord({
    "box_id": DSInt(),
    "x": DSInt(),
    "y": DSInt()
})


input tokens: 2898
output tokens: 287
total tokens: 3185
*** Response, constants: [
    {
        "description": "Height of the box",
        "variable_name": "BOX_HEIGHT",
        "type": "int",
        "initialization": "BOX_HEIGHT : int = 6"
    },
    {
        "description": "Width of the box",
        "variable_name": "BOX_WIDTH",
        "type": "int",
        "initialization": "BOX_WIDTH : int = 10"
    },
    {
        "description": "List of items with their dimensions",
        "variable_name": "ITEMS",
        "type": "DSList(length=6, elem_type=Item)",
        "initialization": "ITEM1 : Item = {\"width\": 4, \"height\": 3}\nITEM2 : Item = {\"width\": 3, \"height\": 2}\nITEM3 : Item = {\"width\": 5, \"height\": 3}\nITEM4 : Item = {\"width\": 2, \"height\": 4}\nITEM5 : Item = {\"width\": 3, \"height\": 3}\nITEM6 : Item = {\"width\": 5, \"height\": 2}\nITEMS : DSList(length=6, elem_type=Item) = [ITEM1, ITEM2, ITEM3, ITEM4, ITEM5, ITEM6]"
    }
]

input tokens: 3113
output tokens: 198
total tokens: 3311
*** Response (decision) variables: [
    {
        "description": "Number of boxes used to pack all items, minimized in the objective",
        "variable_name": "nr_used_boxes",
        "type": "DSInt",
        "initialization": "nr_used_boxes: DSInt()"
    },
    {
        "description": "Assignment of each item to a box including box id and position",
        "variable_name": "item_box_assignment",
        "type": "DSList(length=6, elem_type=BoxAssignment)",
        "initialization": "item_box_assignment: DSList(length=6, elem_type=BoxAssignment)"
    },
    {
        "description": "X and Y positions of each item within its assigned box",
        "variable_name": "x_y_positions",
        "type": "DSList(length=6, elem_type=BoxAssignment)",
        "initialization": "x_y_positions: DSList(length=6, elem_type=BoxAssignment)"
    }
]

input tokens: 2989
output tokens: 112
total tokens: 3101
Error processing statement: for i in range(1, N_item_box_assignment + 1):
    assignment: BoxAssignment = assignments[i]
    if assignment.box_id > max_box_id:
        max_box_id = assignment.box_id
Traceback (most recent call last):
  File "C:\Users\katha\Documents\Studium\Master\MASTER_THESIS\research\approach3\tryout_playground\Translator\Objects\CodeBlock.py", line 63, in execute_block
    self.execute_block_for(stmt, loop_scope)
  File "C:\Users\katha\Documents\Studium\Master\MASTER_THESIS\research\approach3\tryout_playground\Translator\Objects\CodeBlock.py", line 342, in execute_block_for
    iter_values, loop_vars = self._resolve_range_iter(stmt, loop_scope)
                             ^^^^^^^^^^^^^^^^^^^^^^^^^^^^^^^^^^^^^^^^^^
  File "C:\Users\katha\Documents\Studium\Master\MASTER_THESIS\research\approach3\tryout_playground\Translator\Objects\CodeBlock.py", line 420, in _resolve_range_iter
    end_val = ExpressionRewriter(loop_scope, code_block=self).get_expr_value(end_node)
              ^^^^^^^^^^^^^^^^^^^^^^^^^^^^^^^^^^^^^^^^^^^^^^^^^^^^^^^^^^^^^^^^^^^^^^^^
  File "C:\Users\katha\Documents\Studium\Master\MASTER_THESIS\research\approach3\tryout_playground\Translator\Tools.py", line 29, in get_expr_value
    string_expr = self.rewrite_expr(expr)
                  ^^^^^^^^^^^^^^^^^^^^^^^
  File "C:\Users\katha\Documents\Studium\Master\MASTER_THESIS\research\approach3\tryout_playground\Translator\Tools.py", line 44, in rewrite_expr
    left = self.rewrite_expr(expr.left)
           ^^^^^^^^^^^^^^^^^^^^^^^^^^^^
  File "C:\Users\katha\Documents\Studium\Master\MASTER_THESIS\research\approach3\tryout_playground\Translator\Tools.py", line 110, in rewrite_expr
    return self.variable_table[name].versioned_name()
           ~~~~~~~~~~~~~~~~~~~^^^^^^
KeyError: 'N_item_box_assignment'

The above exception was the direct cause of the following exception:

Traceback (most recent call last):
  File "C:\Users\katha\Documents\Studium\Master\MASTER_THESIS\research\approach3\tryout_playground\structures_utils.py", line 330, in check_executability
    model = MiniZincTranslator(variable_block).unroll_translation()
            ^^^^^^^^^^^^^^^^^^^^^^^^^^^^^^^^^^^^^^^^^^^^^^^^^^^^^^^
  File "C:\Users\katha\Documents\Studium\Master\MASTER_THESIS\research\approach3\tryout_playground\Translator\Objects\MiniZincTranslator.py", line 27, in unroll_translation
    self.parse()
  File "C:\Users\katha\Documents\Studium\Master\MASTER_THESIS\research\approach3\tryout_playground\Translator\Objects\MiniZincTranslator.py", line 72, in parse
    pred = Predicate(node,
           ^^^^^^^^^^^^^^^
  File "C:\Users\katha\Documents\Studium\Master\MASTER_THESIS\research\approach3\tryout_playground\Translator\Objects\Predicate.py", line 37, in __init__
    self.run(func_body, loop_scope={})
  File "C:\Users\katha\Documents\Studium\Master\MASTER_THESIS\research\approach3\tryout_playground\Translator\Objects\CodeBlock.py", line 43, in run
    self.execute_block(block, {} if loop_scope is None else loop_scope)
  File "C:\Users\katha\Documents\Studium\Master\MASTER_THESIS\research\approach3\tryout_playground\Translator\Objects\CodeBlock.py", line 96, in execute_block
    raise Exception(f"Error processing statement: {ast.unparse(stmt)}") from e
Exception: Error processing statement: for i in range(1, N_item_box_assignment + 1):
    assignment: BoxAssignment = assignments[i]
    if assignment.box_id > max_box_id:
        max_box_id = assignment.box_id
Checking node created for level 3 not executable: KeyError - 'N_item_box_assignment', occurring at: for i in range(1, N_item_box_assignment + 1):
    assignment: BoxAssignment = assignments[i]
    if assignment.box_id > max_box_id:
        max_box_id = assignment.box_id


input tokens: 2811
output tokens: 111
total tokens: 2922
Sending feedback for a partial job well done.
input tokens: 447
output tokens: 1
total tokens: 448
*** Obj. function:
# --- objective ---
def calculate_objective(assignments: DSList(length=6, elem_type=BoxAssignment)) -> DSInt():
    max_box_id : DSInt() = 0
    for i in range(1, N_ITEMS + 1):
        assignment : BoxAssignment = assignments[i]
        if assignment.box_id > max_box_id:
            max_box_id = assignment.box_id
    return max_box_id

temp_objective = calculate_objective(item_box_assignment)
assert objective == temp_objective

Sending feedback for a partial job well done.
input tokens: 447
output tokens: 1
total tokens: 448
input tokens: 3248
output tokens: 138
total tokens: 3386
*** Constraints:
# --- Auxiliary Variables ---
# Leave empty, if not required.
# --- constraints ---
def items_fit_exactly_in_box(assignments: DSList(length=6, elem_type=BoxAssignment), items: DSList(length=6, elem_type=Item), box_width: int, box_height: int):
    for i in range(1, N_ITEMS + 1):
        item : Item = items[i]
        assignment : BoxAssignment = assignments[i]
        assert assignment.x + item.width <= box_width
        assert assignment.y + item.height <= box_height

items_fit_exactly_in_box(item_box_assignment, ITEMS, BOX_WIDTH, BOX_HEIGHT)

Sending feedback for a partial job well done.
input tokens: 585
output tokens: 1
total tokens: 586
input tokens: 3374
output tokens: 264
total tokens: 3638
*** Constraints:
# --- Auxiliary Variables ---
# Leave empty, if not required.
# --- constraints ---
def items_do_not_overlap(assignments: DSList(length=6, elem_type=BoxAssignment), items: DSList(length=6, elem_type=Item)):
    for i in range(1, N_ITEMS + 1):
        for j in range(i + 1, N_ITEMS + 1):
            item_i : Item = items[i]
            item_j : Item = items[j]
            assignment_i : BoxAssignment = assignments[i]
            assignment_j : BoxAssignment = assignments[j]

            # Check if both items are in the same box
            if assignment_i.box_id == assignment_j.box_id:
                # Check for non-overlapping on x-axis
                not_overlap_x : DSBool() = assignment_i.x + item_i.width <= assignment_j.x or assignment_j.x + item_j.width <= assignment_i.x
                # Check for non-overlapping on y-axis
                not_overlap_y : DSBool() = assignment_i.y + item_i.height <= assignment_j.y or assignment_j.y + item_j.height <= assignment_i.y
                # Ensure they do not overlap
                assert not_overlap_x or not_overlap_y

items_do_not_overlap(item_box_assignment, ITEMS)

Sending feedback for a partial job well done.
input tokens: 844
output tokens: 1
total tokens: 845
input tokens: 3637
output tokens: 88
total tokens: 3725
*** Constraints:
# --- Auxiliary Variables ---
# Leave empty, if not required.
# --- constraints ---
def each_item_in_exactly_one_box(assignments: DSList(length=6, elem_type=BoxAssignment)):
    for i in range(1, N_ITEMS + 1):
        assignment : BoxAssignment = assignments[i]
        assert assignment.box_id >= 1

each_item_in_exactly_one_box(item_box_assignment)

Sending feedback for a partial job well done.
input tokens: 927
output tokens: 1
total tokens: 928
Full formulation:


# -- Objects --


Item = DSRecord({
    "width": DSInt(),
    "height": DSInt()
})

BoxAssignment = DSRecord({
    "box_id": DSInt(),
    "x": DSInt(),
    "y": DSInt()
})



# --- Constants ---
BOX_HEIGHT : int = 6
BOX_WIDTH : int = 10
ITEM1 : Item = {"width": 4, "height": 3}
ITEM2 : Item = {"width": 3, "height": 2}
ITEM3 : Item = {"width": 5, "height": 3}
ITEM4 : Item = {"width": 2, "height": 4}
ITEM5 : Item = {"width": 3, "height": 3}
ITEM6 : Item = {"width": 5, "height": 2}
ITEMS : DSList(length=6, elem_type=Item) = [ITEM1, ITEM2, ITEM3, ITEM4, ITEM5, ITEM6]
nr_used_boxes: DSInt()
item_box_assignment: DSList(length=6, elem_type=BoxAssignment)
x_y_positions: DSList(length=6, elem_type=BoxAssignment)
N_ITEMS : int = 6
N_item_box_assignment : int = 6
N_x_y_positions : int = 6


# -- Objective --


# --- objective ---
def calculate_objective(assignments: DSList(length=6, elem_type=BoxAssignment)) -> DSInt():
    max_box_id : DSInt() = 0
    for i in range(1, N_ITEMS + 1):
        assignment : BoxAssignment = assignments[i]
        if assignment.box_id > max_box_id:
            max_box_id = assignment.box_id
    return max_box_id

temp_objective = calculate_objective(item_box_assignment)
assert objective == temp_objective

# -- Constraints --


# --- Auxiliary Variables ---
# Leave empty, if not required.
# --- constraints ---
def items_fit_exactly_in_box(assignments: DSList(length=6, elem_type=BoxAssignment), items: DSList(length=6, elem_type=Item), box_width: int, box_height: int):
    for i in range(1, N_ITEMS + 1):
        item : Item = items[i]
        assignment : BoxAssignment = assignments[i]
        assert assignment.x + item.width <= box_width
        assert assignment.y + item.height <= box_height

items_fit_exactly_in_box(item_box_assignment, ITEMS, BOX_WIDTH, BOX_HEIGHT)

# --- Auxiliary Variables ---
# Leave empty, if not required.
# --- constraints ---
def items_do_not_overlap(assignments: DSList(length=6, elem_type=BoxAssignment), items: DSList(length=6, elem_type=Item)):
    for i in range(1, N_ITEMS + 1):
        for j in range(i + 1, N_ITEMS + 1):
            item_i : Item = items[i]
            item_j : Item = items[j]
            assignment_i : BoxAssignment = assignments[i]
            assignment_j : BoxAssignment = assignments[j]

            # Check if both items are in the same box
            if assignment_i.box_id == assignment_j.box_id:
                # Check for non-overlapping on x-axis
                not_overlap_x : DSBool() = assignment_i.x + item_i.width <= assignment_j.x or assignment_j.x + item_j.width <= assignment_i.x
                # Check for non-overlapping on y-axis
                not_overlap_y : DSBool() = assignment_i.y + item_i.height <= assignment_j.y or assignment_j.y + item_j.height <= assignment_i.y
                # Ensure they do not overlap
                assert not_overlap_x or not_overlap_y

items_do_not_overlap(item_box_assignment, ITEMS)

# --- Auxiliary Variables ---
# Leave empty, if not required.
# --- constraints ---
def each_item_in_exactly_one_box(assignments: DSList(length=6, elem_type=BoxAssignment)):
    for i in range(1, N_ITEMS + 1):
        assignment : BoxAssignment = assignments[i]
        assert assignment.box_id >= 1

each_item_in_exactly_one_box(item_box_assignment)
**************************
Total failed steps: 0
**************************
----------------------------------------------------------------------------
----------------------------------------------------------------------------
    Starting run 2:
input tokens: 3087
output tokens: 78
total tokens: 3165
*** Response, global problem/datatypes:
Item = DSRecord({
    "width": DSInt(),
    "height": DSInt()
})

ItemBoxAssignment = DSRecord({
    "item_id": DSInt(),
    "box_id": DSInt()
})

XYPosition = DSRecord({
    "item_id": DSInt(),
    "x": DSInt(),
    "y": DSInt()
})


input tokens: 2922
output tokens: 287
total tokens: 3209
*** Response, constants: [
    {
        "description": "Height of the box",
        "variable_name": "BOX_HEIGHT",
        "type": "int",
        "initialization": "BOX_HEIGHT : int = 6"
    },
    {
        "description": "Width of the box",
        "variable_name": "BOX_WIDTH",
        "type": "int",
        "initialization": "BOX_WIDTH : int = 10"
    },
    {
        "description": "List of items with their dimensions",
        "variable_name": "ITEMS",
        "type": "DSList(length=6, elem_type=Item)",
        "initialization": "ITEM1 : Item = {\"width\": 4, \"height\": 3}\nITEM2 : Item = {\"width\": 3, \"height\": 2}\nITEM3 : Item = {\"width\": 5, \"height\": 3}\nITEM4 : Item = {\"width\": 2, \"height\": 4}\nITEM5 : Item = {\"width\": 3, \"height\": 3}\nITEM6 : Item = {\"width\": 5, \"height\": 2}\nITEMS : DSList(length=6, elem_type=Item) = [ITEM1, ITEM2, ITEM3, ITEM4, ITEM5, ITEM6]"
    }
]

input tokens: 3137
output tokens: 195
total tokens: 3332
*** Response (decision) variables: [
    {
        "description": "Number of boxes used to pack all items, minimized in the objective",
        "variable_name": "nr_used_boxes",
        "type": "DSInt",
        "initialization": "nr_used_boxes: DSInt()"
    },
    {
        "description": "Assignment of each item to a box",
        "variable_name": "item_box_assignment",
        "type": "DSList(length=6, elem_type=ItemBoxAssignment)",
        "initialization": "item_box_assignment: DSList(length=6, elem_type=ItemBoxAssignment)"
    },
    {
        "description": "X and Y positions of each item within its assigned box",
        "variable_name": "x_y_positions",
        "type": "DSList(length=6, elem_type=XYPosition)",
        "initialization": "x_y_positions: DSList(length=6, elem_type=XYPosition)"
    }
]

input tokens: 3014
output tokens: 120
total tokens: 3134
Error processing statement: for i in range(1, N_item_box_assignment + 1):
    assignment: ItemBoxAssignment = assignments[i]
    if assignment.box_id > max_box_id:
        max_box_id = assignment.box_id
Traceback (most recent call last):
  File "C:\Users\katha\Documents\Studium\Master\MASTER_THESIS\research\approach3\tryout_playground\Translator\Objects\CodeBlock.py", line 63, in execute_block
    self.execute_block_for(stmt, loop_scope)
  File "C:\Users\katha\Documents\Studium\Master\MASTER_THESIS\research\approach3\tryout_playground\Translator\Objects\CodeBlock.py", line 342, in execute_block_for
    iter_values, loop_vars = self._resolve_range_iter(stmt, loop_scope)
                             ^^^^^^^^^^^^^^^^^^^^^^^^^^^^^^^^^^^^^^^^^^
  File "C:\Users\katha\Documents\Studium\Master\MASTER_THESIS\research\approach3\tryout_playground\Translator\Objects\CodeBlock.py", line 420, in _resolve_range_iter
    end_val = ExpressionRewriter(loop_scope, code_block=self).get_expr_value(end_node)
              ^^^^^^^^^^^^^^^^^^^^^^^^^^^^^^^^^^^^^^^^^^^^^^^^^^^^^^^^^^^^^^^^^^^^^^^^
  File "C:\Users\katha\Documents\Studium\Master\MASTER_THESIS\research\approach3\tryout_playground\Translator\Tools.py", line 29, in get_expr_value
    string_expr = self.rewrite_expr(expr)
                  ^^^^^^^^^^^^^^^^^^^^^^^
  File "C:\Users\katha\Documents\Studium\Master\MASTER_THESIS\research\approach3\tryout_playground\Translator\Tools.py", line 44, in rewrite_expr
    left = self.rewrite_expr(expr.left)
           ^^^^^^^^^^^^^^^^^^^^^^^^^^^^
  File "C:\Users\katha\Documents\Studium\Master\MASTER_THESIS\research\approach3\tryout_playground\Translator\Tools.py", line 110, in rewrite_expr
    return self.variable_table[name].versioned_name()
           ~~~~~~~~~~~~~~~~~~~^^^^^^
KeyError: 'N_item_box_assignment'

The above exception was the direct cause of the following exception:

Traceback (most recent call last):
  File "C:\Users\katha\Documents\Studium\Master\MASTER_THESIS\research\approach3\tryout_playground\structures_utils.py", line 330, in check_executability
    model = MiniZincTranslator(variable_block).unroll_translation()
            ^^^^^^^^^^^^^^^^^^^^^^^^^^^^^^^^^^^^^^^^^^^^^^^^^^^^^^^
  File "C:\Users\katha\Documents\Studium\Master\MASTER_THESIS\research\approach3\tryout_playground\Translator\Objects\MiniZincTranslator.py", line 27, in unroll_translation
    self.parse()
  File "C:\Users\katha\Documents\Studium\Master\MASTER_THESIS\research\approach3\tryout_playground\Translator\Objects\MiniZincTranslator.py", line 72, in parse
    pred = Predicate(node,
           ^^^^^^^^^^^^^^^
  File "C:\Users\katha\Documents\Studium\Master\MASTER_THESIS\research\approach3\tryout_playground\Translator\Objects\Predicate.py", line 37, in __init__
    self.run(func_body, loop_scope={})
  File "C:\Users\katha\Documents\Studium\Master\MASTER_THESIS\research\approach3\tryout_playground\Translator\Objects\CodeBlock.py", line 43, in run
    self.execute_block(block, {} if loop_scope is None else loop_scope)
  File "C:\Users\katha\Documents\Studium\Master\MASTER_THESIS\research\approach3\tryout_playground\Translator\Objects\CodeBlock.py", line 96, in execute_block
    raise Exception(f"Error processing statement: {ast.unparse(stmt)}") from e
Exception: Error processing statement: for i in range(1, N_item_box_assignment + 1):
    assignment: ItemBoxAssignment = assignments[i]
    if assignment.box_id > max_box_id:
        max_box_id = assignment.box_id
Checking node created for level 3 not executable: KeyError - 'N_item_box_assignment', occurring at: for i in range(1, N_item_box_assignment + 1):
    assignment: ItemBoxAssignment = assignments[i]
    if assignment.box_id > max_box_id:
        max_box_id = assignment.box_id


input tokens: 2845
output tokens: 119
total tokens: 2964
Sending feedback for a partial job well done.
input tokens: 480
output tokens: 1
total tokens: 481
*** Obj. function:
# --- objective ---
def calculate_objective(assignments: DSList(length=6, elem_type=ItemBoxAssignment)) -> DSInt():
    max_box_id: DSInt() = 0
    for i in range(1, N_ITEMS + 1):
        assignment : ItemBoxAssignment = assignments[i]
        if assignment.box_id > max_box_id:
            max_box_id = assignment.box_id
    return max_box_id

max_used_box_id : DSInt() = calculate_objective(item_box_assignment)
assert objective == max_used_box_id

Sending feedback for a partial job well done.
input tokens: 480
output tokens: 1
total tokens: 481
input tokens: 3281
output tokens: 603
total tokens: 3884
Error processing statement: areas: DSList(length=6, elem_type=DSInt()) = DSList(length=6, elem_type=DSInt())
Traceback (most recent call last):
  File "C:\Users\katha\Documents\Studium\Master\MASTER_THESIS\research\approach3\tryout_playground\Translator\Objects\CodeBlock.py", line 72, in execute_block
    self.execute_block_annassign(stmt, loop_scope)
  File "C:\Users\katha\Documents\Studium\Master\MASTER_THESIS\research\approach3\tryout_playground\Translator\Objects\CodeBlock.py", line 613, in execute_block_annassign
    self.execute_block_assign(stmt.target, stmt.value, loop_scope)
  File "C:\Users\katha\Documents\Studium\Master\MASTER_THESIS\research\approach3\tryout_playground\Translator\Objects\CodeBlock.py", line 124, in execute_block_assign
    rhs_expr = ExpressionRewriter(loop_scope, code_block=self).rewrite_expr(rhs)
               ^^^^^^^^^^^^^^^^^^^^^^^^^^^^^^^^^^^^^^^^^^^^^^^^^^^^^^^^^^^^^^^^^
  File "C:\Users\katha\Documents\Studium\Master\MASTER_THESIS\research\approach3\tryout_playground\Translator\Tools.py", line 192, in rewrite_expr
    raise ValueError(f"DS-type constructor should not appear in expressions: {expr}")
ValueError: DS-type constructor should not appear in expressions: <ast.Call object at 0x0000022752478550>

The above exception was the direct cause of the following exception:

Traceback (most recent call last):
  File "C:\Users\katha\Documents\Studium\Master\MASTER_THESIS\research\approach3\tryout_playground\structures_utils.py", line 330, in check_executability
    model = MiniZincTranslator(variable_block).unroll_translation()
            ^^^^^^^^^^^^^^^^^^^^^^^^^^^^^^^^^^^^^^^^^^^^^^^^^^^^^^^
  File "C:\Users\katha\Documents\Studium\Master\MASTER_THESIS\research\approach3\tryout_playground\Translator\Objects\MiniZincTranslator.py", line 27, in unroll_translation
    self.parse()
  File "C:\Users\katha\Documents\Studium\Master\MASTER_THESIS\research\approach3\tryout_playground\Translator\Objects\MiniZincTranslator.py", line 72, in parse
    pred = Predicate(node,
           ^^^^^^^^^^^^^^^
  File "C:\Users\katha\Documents\Studium\Master\MASTER_THESIS\research\approach3\tryout_playground\Translator\Objects\Predicate.py", line 37, in __init__
    self.run(func_body, loop_scope={})
  File "C:\Users\katha\Documents\Studium\Master\MASTER_THESIS\research\approach3\tryout_playground\Translator\Objects\CodeBlock.py", line 43, in run
    self.execute_block(block, {} if loop_scope is None else loop_scope)
  File "C:\Users\katha\Documents\Studium\Master\MASTER_THESIS\research\approach3\tryout_playground\Translator\Objects\CodeBlock.py", line 96, in execute_block
    raise Exception(f"Error processing statement: {ast.unparse(stmt)}") from e
Exception: Error processing statement: areas: DSList(length=6, elem_type=DSInt()) = DSList(length=6, elem_type=DSInt())
Checking node created for level 4 not executable: ValueError - DS-type constructor should not appear in expressions: <ast.Call object at 0x0000022752478550>, occurring at: areas: DSList(length=6, elem_type=DSInt()) = DSList(length=6, elem_type=DSInt())


input tokens: 3458
output tokens: 591
total tokens: 4049
Error processing statement: areas = DSList(length=6, elem_type=DSInt())
Traceback (most recent call last):
  File "C:\Users\katha\Documents\Studium\Master\MASTER_THESIS\research\approach3\tryout_playground\Translator\Objects\CodeBlock.py", line 60, in execute_block
    self.execute_block_assign(stmt.targets[0], stmt.value, loop_scope)
  File "C:\Users\katha\Documents\Studium\Master\MASTER_THESIS\research\approach3\tryout_playground\Translator\Objects\CodeBlock.py", line 124, in execute_block_assign
    rhs_expr = ExpressionRewriter(loop_scope, code_block=self).rewrite_expr(rhs)
               ^^^^^^^^^^^^^^^^^^^^^^^^^^^^^^^^^^^^^^^^^^^^^^^^^^^^^^^^^^^^^^^^^
  File "C:\Users\katha\Documents\Studium\Master\MASTER_THESIS\research\approach3\tryout_playground\Translator\Tools.py", line 192, in rewrite_expr
    raise ValueError(f"DS-type constructor should not appear in expressions: {expr}")
ValueError: DS-type constructor should not appear in expressions: <ast.Call object at 0x0000022752499A10>

The above exception was the direct cause of the following exception:

Traceback (most recent call last):
  File "C:\Users\katha\Documents\Studium\Master\MASTER_THESIS\research\approach3\tryout_playground\structures_utils.py", line 330, in check_executability
    model = MiniZincTranslator(variable_block).unroll_translation()
            ^^^^^^^^^^^^^^^^^^^^^^^^^^^^^^^^^^^^^^^^^^^^^^^^^^^^^^^
  File "C:\Users\katha\Documents\Studium\Master\MASTER_THESIS\research\approach3\tryout_playground\Translator\Objects\MiniZincTranslator.py", line 27, in unroll_translation
    self.parse()
  File "C:\Users\katha\Documents\Studium\Master\MASTER_THESIS\research\approach3\tryout_playground\Translator\Objects\MiniZincTranslator.py", line 72, in parse
    pred = Predicate(node,
           ^^^^^^^^^^^^^^^
  File "C:\Users\katha\Documents\Studium\Master\MASTER_THESIS\research\approach3\tryout_playground\Translator\Objects\Predicate.py", line 37, in __init__
    self.run(func_body, loop_scope={})
  File "C:\Users\katha\Documents\Studium\Master\MASTER_THESIS\research\approach3\tryout_playground\Translator\Objects\CodeBlock.py", line 43, in run
    self.execute_block(block, {} if loop_scope is None else loop_scope)
  File "C:\Users\katha\Documents\Studium\Master\MASTER_THESIS\research\approach3\tryout_playground\Translator\Objects\CodeBlock.py", line 96, in execute_block
    raise Exception(f"Error processing statement: {ast.unparse(stmt)}") from e
Exception: Error processing statement: areas = DSList(length=6, elem_type=DSInt())
Checking node created for level 4 not executable: ValueError - DS-type constructor should not appear in expressions: <ast.Call object at 0x0000022752499A10>, occurring at: areas = DSList(length=6, elem_type=DSInt())


input tokens: 3433
output tokens: 550
total tokens: 3983
step before check: 1 of type <class 'str'>
step before check: 2 of type <class 'str'>
step before check: 3 of type <class 'str'>
step before check: 4 of type <class 'str'>
step before check: 5 of type <class 'str'>
step before check: 6 of type <class 'str'>
step before check: 1 of type <class 'str'>
step before check: 2 of type <class 'str'>
step before check: 3 of type <class 'str'>
step before check: 4 of type <class 'str'>
step before check: 5 of type <class 'str'>
step before check: 6 of type <class 'str'>
step before check: 1 of type <class 'str'>
step before check: 2 of type <class 'str'>
step before check: 3 of type <class 'str'>
step before check: 4 of type <class 'str'>
step before check: 5 of type <class 'str'>
step before check: 6 of type <class 'str'>
step before check: assignment[1].box_id of type <class 'str'>
step before check: assignment[2].box_id of type <class 'str'>
step before check: assignment[3].box_id of type <class 'str'>
step before check: assignment[4].box_id of type <class 'str'>
step before check: assignment[5].box_id of type <class 'str'>
step before check: assignment[6].box_id of type <class 'str'>
*** Constraints:
# --- Auxiliary Variables ---
# --- Incorrect Code ---
# --- Incorrect Code ---
box_areas: DSList(length=6, elem_type=DSInt())
item_areas: DSList(length=6, elem_type=DSInt())
# --- constraints ---
def calculate_item_areas(items: DSList(length=6, elem_type=Item)) -> DSList(length=6, elem_type=DSInt()):
    areas: DSList(length=6, elem_type=DSInt())
    for i in range(1, N_ITEMS + 1):
        item: Item = items[i]
        areas[i] = item.width * item.height
    return areas

def calculate_box_areas(box_width: int, box_height: int) -> DSList(length=6, elem_type=DSInt()):
    areas: DSList(length=6, elem_type=DSInt())
    box_area: int = box_width * box_height
    for i in range(1, N_ITEMS + 1):
        areas[i] = box_area
    return areas

def ensure_items_fit_exactly(
    assignments: DSList(length=6, elem_type=ItemBoxAssignment),
    positions: DSList(length=6, elem_type=XYPosition),
    items: DSList(length=6, elem_type=Item),
    box_width: int,
    box_height: int
) -> None:
    box_fill_areas: DSList(length=6, elem_type=DSInt())

    # Initialize box fill areas to zero
    for b in range(1, N_ITEMS + 1):
        box_fill_areas[b] = 0

    # Calculate total area occupied in each box
    for i in range(1, N_ITEMS + 1):
        assignment: ItemBoxAssignment = assignments[i]
        position: XYPosition = positions[i]
        item: Item = items[i]

        # Ensure item fits within box dimensions
        assert position.x + item.width <= box_width
        assert position.y + item.height <= box_height

        # Add item area to its assigned box
        box_fill_areas[assignment.box_id] = box_fill_areas[assignment.box_id] + (item.width * item.height)

    # Ensure each box is filled exactly to its capacity
    box_capacity: int = box_width * box_height
    for b in range(1, N_ITEMS + 1):
        assert box_fill_areas[b] == box_capacity

item_areas = calculate_item_areas(ITEMS)
box_areas = calculate_box_areas(BOX_WIDTH, BOX_HEIGHT)
ensure_items_fit_exactly(item_box_assignment, x_y_positions, ITEMS, BOX_WIDTH, BOX_HEIGHT)

Sending feedback for a partial job well done.
input tokens: 1030
output tokens: 1
total tokens: 1031
input tokens: 3819
output tokens: 338
total tokens: 4157
step before check: 1 of type <class 'str'>
step before check: 2 of type <class 'str'>
step before check: 3 of type <class 'str'>
step before check: 4 of type <class 'str'>
step before check: 5 of type <class 'str'>
step before check: 6 of type <class 'str'>
step before check: 1 of type <class 'str'>
step before check: 2 of type <class 'str'>
step before check: 3 of type <class 'str'>
step before check: 4 of type <class 'str'>
step before check: 5 of type <class 'str'>
step before check: 6 of type <class 'str'>
step before check: 1 of type <class 'str'>
step before check: 2 of type <class 'str'>
step before check: 3 of type <class 'str'>
step before check: 4 of type <class 'str'>
step before check: 5 of type <class 'str'>
step before check: 6 of type <class 'str'>
step before check: assignment[1].box_id of type <class 'str'>
step before check: assignment[2].box_id of type <class 'str'>
step before check: assignment[3].box_id of type <class 'str'>
step before check: assignment[4].box_id of type <class 'str'>
step before check: assignment[5].box_id of type <class 'str'>
step before check: assignment[6].box_id of type <class 'str'>
*** Constraints:
# --- Auxiliary Variables ---
item_areas: DSList(length=6, elem_type=DSInt())
box_areas: DSList(length=6, elem_type=DSInt())
# --- constraints ---
def no_overlap(
    assignments: DSList(length=6, elem_type=ItemBoxAssignment),
    positions: DSList(length=6, elem_type=XYPosition),
    items: DSList(length=6, elem_type=Item)
) -> None:
    for i in range(1, N_ITEMS + 1):
        for j in range(i + 1, N_ITEMS + 1):
            assignment_i: ItemBoxAssignment = assignments[i]
            assignment_j: ItemBoxAssignment = assignments[j]
            position_i: XYPosition = positions[i]
            position_j: XYPosition = positions[j]
            item_i: Item = items[i]
            item_j: Item = items[j]

            # Check if items are in the same box
            if assignment_i.box_id == assignment_j.box_id:
                # Check for non-overlapping on x-axis
                x_overlap: bool = not (
                    position_i.x + item_i.width <= position_j.x or
                    position_j.x + item_j.width <= position_i.x
                )
                # Check for non-overlapping on y-axis
                y_overlap: bool = not (
                    position_i.y + item_i.height <= position_j.y or
                    position_j.y + item_j.height <= position_i.y
                )
                # They must not overlap in both axes
                assert not (x_overlap and y_overlap)

no_overlap(item_box_assignment, x_y_positions, ITEMS)

Sending feedback for a partial job well done.
input tokens: 1363
output tokens: 1
total tokens: 1364
input tokens: 4156
output tokens: 98
total tokens: 4254
step before check: 1 of type <class 'str'>
step before check: 2 of type <class 'str'>
step before check: 3 of type <class 'str'>
step before check: 4 of type <class 'str'>
step before check: 5 of type <class 'str'>
step before check: 6 of type <class 'str'>
step before check: 1 of type <class 'str'>
step before check: 2 of type <class 'str'>
step before check: 3 of type <class 'str'>
step before check: 4 of type <class 'str'>
step before check: 5 of type <class 'str'>
step before check: 6 of type <class 'str'>
step before check: 1 of type <class 'str'>
step before check: 2 of type <class 'str'>
step before check: 3 of type <class 'str'>
step before check: 4 of type <class 'str'>
step before check: 5 of type <class 'str'>
step before check: 6 of type <class 'str'>
step before check: assignment[1].box_id of type <class 'str'>
step before check: assignment[2].box_id of type <class 'str'>
step before check: assignment[3].box_id of type <class 'str'>
step before check: assignment[4].box_id of type <class 'str'>
step before check: assignment[5].box_id of type <class 'str'>
step before check: assignment[6].box_id of type <class 'str'>
*** Constraints:
# --- Auxiliary Variables ---
# Leave empty, if not required.
# --- constraints ---
def assign_item_to_one_box(assignments: DSList(length=6, elem_type=ItemBoxAssignment)) -> None:
    for i in range(1, N_ITEMS + 1):
        assignment : ItemBoxAssignment = assignments[i]
        assert assignment.box_id >= 1
        assert assignment.box_id <= N_ITEMS

assign_item_to_one_box(item_box_assignment)

Sending feedback for a partial job well done.
input tokens: 1456
output tokens: 1
total tokens: 1457
Full formulation:


# -- Objects --


Item = DSRecord({
    "width": DSInt(),
    "height": DSInt()
})

ItemBoxAssignment = DSRecord({
    "item_id": DSInt(),
    "box_id": DSInt()
})

XYPosition = DSRecord({
    "item_id": DSInt(),
    "x": DSInt(),
    "y": DSInt()
})



# --- Constants ---
BOX_HEIGHT : int = 6
BOX_WIDTH : int = 10
ITEM1 : Item = {"width": 4, "height": 3}
ITEM2 : Item = {"width": 3, "height": 2}
ITEM3 : Item = {"width": 5, "height": 3}
ITEM4 : Item = {"width": 2, "height": 4}
ITEM5 : Item = {"width": 3, "height": 3}
ITEM6 : Item = {"width": 5, "height": 2}
ITEMS : DSList(length=6, elem_type=Item) = [ITEM1, ITEM2, ITEM3, ITEM4, ITEM5, ITEM6]
nr_used_boxes: DSInt()
item_box_assignment: DSList(length=6, elem_type=ItemBoxAssignment)
x_y_positions: DSList(length=6, elem_type=XYPosition)
N_ITEMS : int = 6
N_item_box_assignment : int = 6
N_x_y_positions : int = 6


# -- Objective --


# --- objective ---
def calculate_objective(assignments: DSList(length=6, elem_type=ItemBoxAssignment)) -> DSInt():
    max_box_id: DSInt() = 0
    for i in range(1, N_ITEMS + 1):
        assignment : ItemBoxAssignment = assignments[i]
        if assignment.box_id > max_box_id:
            max_box_id = assignment.box_id
    return max_box_id

max_used_box_id : DSInt() = calculate_objective(item_box_assignment)
assert objective == max_used_box_id

# -- Constraints --


# --- Auxiliary Variables ---
# --- Incorrect Code ---
# --- Incorrect Code ---
box_areas: DSList(length=6, elem_type=DSInt())
item_areas: DSList(length=6, elem_type=DSInt())
# --- constraints ---
def calculate_item_areas(items: DSList(length=6, elem_type=Item)) -> DSList(length=6, elem_type=DSInt()):
    areas: DSList(length=6, elem_type=DSInt())
    for i in range(1, N_ITEMS + 1):
        item: Item = items[i]
        areas[i] = item.width * item.height
    return areas

def calculate_box_areas(box_width: int, box_height: int) -> DSList(length=6, elem_type=DSInt()):
    areas: DSList(length=6, elem_type=DSInt())
    box_area: int = box_width * box_height
    for i in range(1, N_ITEMS + 1):
        areas[i] = box_area
    return areas

def ensure_items_fit_exactly(
    assignments: DSList(length=6, elem_type=ItemBoxAssignment),
    positions: DSList(length=6, elem_type=XYPosition),
    items: DSList(length=6, elem_type=Item),
    box_width: int,
    box_height: int
) -> None:
    box_fill_areas: DSList(length=6, elem_type=DSInt())

    # Initialize box fill areas to zero
    for b in range(1, N_ITEMS + 1):
        box_fill_areas[b] = 0

    # Calculate total area occupied in each box
    for i in range(1, N_ITEMS + 1):
        assignment: ItemBoxAssignment = assignments[i]
        position: XYPosition = positions[i]
        item: Item = items[i]

        # Ensure item fits within box dimensions
        assert position.x + item.width <= box_width
        assert position.y + item.height <= box_height

        # Add item area to its assigned box
        box_fill_areas[assignment.box_id] = box_fill_areas[assignment.box_id] + (item.width * item.height)

    # Ensure each box is filled exactly to its capacity
    box_capacity: int = box_width * box_height
    for b in range(1, N_ITEMS + 1):
        assert box_fill_areas[b] == box_capacity

item_areas = calculate_item_areas(ITEMS)
box_areas = calculate_box_areas(BOX_WIDTH, BOX_HEIGHT)
ensure_items_fit_exactly(item_box_assignment, x_y_positions, ITEMS, BOX_WIDTH, BOX_HEIGHT)

# --- Auxiliary Variables ---
item_areas: DSList(length=6, elem_type=DSInt())
box_areas: DSList(length=6, elem_type=DSInt())
# --- constraints ---
def no_overlap(
    assignments: DSList(length=6, elem_type=ItemBoxAssignment),
    positions: DSList(length=6, elem_type=XYPosition),
    items: DSList(length=6, elem_type=Item)
) -> None:
    for i in range(1, N_ITEMS + 1):
        for j in range(i + 1, N_ITEMS + 1):
            assignment_i: ItemBoxAssignment = assignments[i]
            assignment_j: ItemBoxAssignment = assignments[j]
            position_i: XYPosition = positions[i]
            position_j: XYPosition = positions[j]
            item_i: Item = items[i]
            item_j: Item = items[j]

            # Check if items are in the same box
            if assignment_i.box_id == assignment_j.box_id:
                # Check for non-overlapping on x-axis
                x_overlap: bool = not (
                    position_i.x + item_i.width <= position_j.x or
                    position_j.x + item_j.width <= position_i.x
                )
                # Check for non-overlapping on y-axis
                y_overlap: bool = not (
                    position_i.y + item_i.height <= position_j.y or
                    position_j.y + item_j.height <= position_i.y
                )
                # They must not overlap in both axes
                assert not (x_overlap and y_overlap)

no_overlap(item_box_assignment, x_y_positions, ITEMS)

# --- Auxiliary Variables ---
# Leave empty, if not required.
# --- constraints ---
def assign_item_to_one_box(assignments: DSList(length=6, elem_type=ItemBoxAssignment)) -> None:
    for i in range(1, N_ITEMS + 1):
        assignment : ItemBoxAssignment = assignments[i]
        assert assignment.box_id >= 1
        assert assignment.box_id <= N_ITEMS

assign_item_to_one_box(item_box_assignment)
**************************
Total failed steps: 0
**************************
----------------------------------------------------------------------------
----------------------------------------------------------------------------
    Starting run 3:
input tokens: 3087
output tokens: 54
total tokens: 3141
*** Response, global problem/datatypes:
Item = DSRecord({
    "width": DSInt(),
    "height": DSInt()
})

BoxAssignment = DSRecord({
    "box_id": DSInt(),
    "x": DSInt(),
    "y": DSInt()
})


input tokens: 2898
output tokens: 495
total tokens: 3393
*** Response, constants: [
    {
        "description": "Height of the box",
        "variable_name": "BOX_HEIGHT",
        "type": "int",
        "initialization": "BOX_HEIGHT : int = 6"
    },
    {
        "description": "Width of the box",
        "variable_name": "BOX_WIDTH",
        "type": "int",
        "initialization": "BOX_WIDTH : int = 10"
    },
    {
        "description": "Item 1 dimensions",
        "variable_name": "ITEM1",
        "type": "Item",
        "initialization": "ITEM1 : Item = {\"width\": 4, \"height\": 3}"
    },
    {
        "description": "Item 2 dimensions",
        "variable_name": "ITEM2",
        "type": "Item",
        "initialization": "ITEM2 : Item = {\"width\": 3, \"height\": 2}"
    },
    {
        "description": "Item 3 dimensions",
        "variable_name": "ITEM3",
        "type": "Item",
        "initialization": "ITEM3 : Item = {\"width\": 5, \"height\": 3}"
    },
    {
        "description": "Item 4 dimensions",
        "variable_name": "ITEM4",
        "type": "Item",
        "initialization": "ITEM4 : Item = {\"width\": 2, \"height\": 4}"
    },
    {
        "description": "Item 5 dimensions",
        "variable_name": "ITEM5",
        "type": "Item",
        "initialization": "ITEM5 : Item = {\"width\": 3, \"height\": 3}"
    },
    {
        "description": "Item 6 dimensions",
        "variable_name": "ITEM6",
        "type": "Item",
        "initialization": "ITEM6 : Item = {\"width\": 5, \"height\": 2}"
    },
    {
        "description": "List of all items",
        "variable_name": "ITEMS",
        "type": "DSList(length=6, elem_type=Item)",
        "initialization": "ITEMS : DSList(length=6, elem_type=Item) = [ITEM1, ITEM2, ITEM3, ITEM4, ITEM5, ITEM6]"
    }
]

input tokens: 3113
output tokens: 128
total tokens: 3241
*** Response (decision) variables: [
    {
        "description": "Number of boxes used to pack all items, minimized in the objective",
        "variable_name": "nr_used_boxes",
        "type": "DSInt",
        "initialization": "nr_used_boxes: DSInt()"
    },
    {
        "description": "Assignment of each item to a box including box id and position",
        "variable_name": "item_box_assignment",
        "type": "DSList(length=6, elem_type=BoxAssignment)",
        "initialization": "item_box_assignment: DSList(length=6, elem_type=BoxAssignment)"
    }
]

input tokens: 2963
output tokens: 118
total tokens: 3081
Error processing statement: for i in range(1, N_item_box_assignment + 1):
    assignment: BoxAssignment = assignments[i]
    if assignment.box_id > max_box_id:
        max_box_id = assignment.box_id
Traceback (most recent call last):
  File "C:\Users\katha\Documents\Studium\Master\MASTER_THESIS\research\approach3\tryout_playground\Translator\Objects\CodeBlock.py", line 63, in execute_block
    self.execute_block_for(stmt, loop_scope)
  File "C:\Users\katha\Documents\Studium\Master\MASTER_THESIS\research\approach3\tryout_playground\Translator\Objects\CodeBlock.py", line 342, in execute_block_for
    iter_values, loop_vars = self._resolve_range_iter(stmt, loop_scope)
                             ^^^^^^^^^^^^^^^^^^^^^^^^^^^^^^^^^^^^^^^^^^
  File "C:\Users\katha\Documents\Studium\Master\MASTER_THESIS\research\approach3\tryout_playground\Translator\Objects\CodeBlock.py", line 420, in _resolve_range_iter
    end_val = ExpressionRewriter(loop_scope, code_block=self).get_expr_value(end_node)
              ^^^^^^^^^^^^^^^^^^^^^^^^^^^^^^^^^^^^^^^^^^^^^^^^^^^^^^^^^^^^^^^^^^^^^^^^
  File "C:\Users\katha\Documents\Studium\Master\MASTER_THESIS\research\approach3\tryout_playground\Translator\Tools.py", line 29, in get_expr_value
    string_expr = self.rewrite_expr(expr)
                  ^^^^^^^^^^^^^^^^^^^^^^^
  File "C:\Users\katha\Documents\Studium\Master\MASTER_THESIS\research\approach3\tryout_playground\Translator\Tools.py", line 44, in rewrite_expr
    left = self.rewrite_expr(expr.left)
           ^^^^^^^^^^^^^^^^^^^^^^^^^^^^
  File "C:\Users\katha\Documents\Studium\Master\MASTER_THESIS\research\approach3\tryout_playground\Translator\Tools.py", line 110, in rewrite_expr
    return self.variable_table[name].versioned_name()
           ~~~~~~~~~~~~~~~~~~~^^^^^^
KeyError: 'N_item_box_assignment'

The above exception was the direct cause of the following exception:

Traceback (most recent call last):
  File "C:\Users\katha\Documents\Studium\Master\MASTER_THESIS\research\approach3\tryout_playground\structures_utils.py", line 330, in check_executability
    model = MiniZincTranslator(variable_block).unroll_translation()
            ^^^^^^^^^^^^^^^^^^^^^^^^^^^^^^^^^^^^^^^^^^^^^^^^^^^^^^^
  File "C:\Users\katha\Documents\Studium\Master\MASTER_THESIS\research\approach3\tryout_playground\Translator\Objects\MiniZincTranslator.py", line 27, in unroll_translation
    self.parse()
  File "C:\Users\katha\Documents\Studium\Master\MASTER_THESIS\research\approach3\tryout_playground\Translator\Objects\MiniZincTranslator.py", line 72, in parse
    pred = Predicate(node,
           ^^^^^^^^^^^^^^^
  File "C:\Users\katha\Documents\Studium\Master\MASTER_THESIS\research\approach3\tryout_playground\Translator\Objects\Predicate.py", line 37, in __init__
    self.run(func_body, loop_scope={})
  File "C:\Users\katha\Documents\Studium\Master\MASTER_THESIS\research\approach3\tryout_playground\Translator\Objects\CodeBlock.py", line 43, in run
    self.execute_block(block, {} if loop_scope is None else loop_scope)
  File "C:\Users\katha\Documents\Studium\Master\MASTER_THESIS\research\approach3\tryout_playground\Translator\Objects\CodeBlock.py", line 96, in execute_block
    raise Exception(f"Error processing statement: {ast.unparse(stmt)}") from e
Exception: Error processing statement: for i in range(1, N_item_box_assignment + 1):
    assignment: BoxAssignment = assignments[i]
    if assignment.box_id > max_box_id:
        max_box_id = assignment.box_id
Checking node created for level 3 not executable: KeyError - 'N_item_box_assignment', occurring at: for i in range(1, N_item_box_assignment + 1):
    assignment: BoxAssignment = assignments[i]
    if assignment.box_id > max_box_id:
        max_box_id = assignment.box_id


input tokens: 2791
output tokens: 117
total tokens: 2908
Sending feedback for a partial job well done.
input tokens: 427
output tokens: 1
total tokens: 428
*** Obj. function:
# --- objective ---
def calculate_objective(assignments: DSList(length=6, elem_type=BoxAssignment)) -> DSInt():
    max_box_id : DSInt() = 0
    for i in range(1, N_ITEMS + 1):
        assignment : BoxAssignment = assignments[i]
        if assignment.box_id > max_box_id:
            max_box_id = assignment.box_id
    return max_box_id

max_used_box_id : DSInt() = calculate_objective(item_box_assignment)
assert objective == max_used_box_id

Sending feedback for a partial job well done.
input tokens: 427
output tokens: 1
total tokens: 428
input tokens: 3228
output tokens: 134
total tokens: 3362
Only returning names or tuple of names is supported.
Traceback (most recent call last):
  File "C:\Users\katha\Documents\Studium\Master\MASTER_THESIS\research\approach3\tryout_playground\structures_utils.py", line 330, in check_executability
    model = MiniZincTranslator(variable_block).unroll_translation()
            ^^^^^^^^^^^^^^^^^^^^^^^^^^^^^^^^^^^^^^^^^^^^^^^^^^^^^^^
  File "C:\Users\katha\Documents\Studium\Master\MASTER_THESIS\research\approach3\tryout_playground\Translator\Objects\MiniZincTranslator.py", line 27, in unroll_translation
    self.parse()
  File "C:\Users\katha\Documents\Studium\Master\MASTER_THESIS\research\approach3\tryout_playground\Translator\Objects\MiniZincTranslator.py", line 72, in parse
    pred = Predicate(node,
           ^^^^^^^^^^^^^^^
  File "C:\Users\katha\Documents\Studium\Master\MASTER_THESIS\research\approach3\tryout_playground\Translator\Objects\Predicate.py", line 20, in __init__
    self.return_names = self._extract_return_names(func_node)
                        ^^^^^^^^^^^^^^^^^^^^^^^^^^^^^^^^^^^^^
  File "C:\Users\katha\Documents\Studium\Master\MASTER_THESIS\research\approach3\tryout_playground\Translator\Objects\Predicate.py", line 69, in _extract_return_names
    raise ValueError("Only returning names or tuple of names is supported.")
ValueError: Only returning names or tuple of names is supported.
Checking node created for level 4 not executable: ValueError - Only returning names or tuple of names is supported., occurring at: Only returning names or tuple of names is supported.


input tokens: 2895
output tokens: 122
total tokens: 3017
Only returning names or tuple of names is supported.
Traceback (most recent call last):
  File "C:\Users\katha\Documents\Studium\Master\MASTER_THESIS\research\approach3\tryout_playground\structures_utils.py", line 330, in check_executability
    model = MiniZincTranslator(variable_block).unroll_translation()
            ^^^^^^^^^^^^^^^^^^^^^^^^^^^^^^^^^^^^^^^^^^^^^^^^^^^^^^^
  File "C:\Users\katha\Documents\Studium\Master\MASTER_THESIS\research\approach3\tryout_playground\Translator\Objects\MiniZincTranslator.py", line 27, in unroll_translation
    self.parse()
  File "C:\Users\katha\Documents\Studium\Master\MASTER_THESIS\research\approach3\tryout_playground\Translator\Objects\MiniZincTranslator.py", line 72, in parse
    pred = Predicate(node,
           ^^^^^^^^^^^^^^^
  File "C:\Users\katha\Documents\Studium\Master\MASTER_THESIS\research\approach3\tryout_playground\Translator\Objects\Predicate.py", line 20, in __init__
    self.return_names = self._extract_return_names(func_node)
                        ^^^^^^^^^^^^^^^^^^^^^^^^^^^^^^^^^^^^^
  File "C:\Users\katha\Documents\Studium\Master\MASTER_THESIS\research\approach3\tryout_playground\Translator\Objects\Predicate.py", line 69, in _extract_return_names
    raise ValueError("Only returning names or tuple of names is supported.")
ValueError: Only returning names or tuple of names is supported.
Checking node created for level 4 not executable: ValueError - Only returning names or tuple of names is supported., occurring at: Only returning names or tuple of names is supported.


input tokens: 2882
output tokens: 124
total tokens: 3006
*** Constraints:
# --- constraints ---
def items_fit_exactly_in_box(assignments: DSList(length=6, elem_type=BoxAssignment), items: DSList(length=6, elem_type=Item)):
    for i in range(1, N_ITEMS + 1):
        item : Item = items[i]
        assignment : BoxAssignment = assignments[i]
        # Ensure item fits within box dimensions
        assert assignment.x + item.width <= BOX_WIDTH
        assert assignment.y + item.height <= BOX_HEIGHT

items_fit_exactly_in_box(item_box_assignment, ITEMS)

Sending feedback for a partial job well done.
input tokens: 545
output tokens: 1
total tokens: 546
input tokens: 3334
output tokens: 297
total tokens: 3631
Error processing statement: overlap_matrix: DSList(length=6, elem_type=DSList(length=6, elem_type=DSBool())) = DSList(length=6, elem_type=DSList(length=6, elem_type=DSBool()))
Traceback (most recent call last):
  File "C:\Users\katha\Documents\Studium\Master\MASTER_THESIS\research\approach3\tryout_playground\Translator\Objects\CodeBlock.py", line 72, in execute_block
    self.execute_block_annassign(stmt, loop_scope)
  File "C:\Users\katha\Documents\Studium\Master\MASTER_THESIS\research\approach3\tryout_playground\Translator\Objects\CodeBlock.py", line 613, in execute_block_annassign
    self.execute_block_assign(stmt.target, stmt.value, loop_scope)
  File "C:\Users\katha\Documents\Studium\Master\MASTER_THESIS\research\approach3\tryout_playground\Translator\Objects\CodeBlock.py", line 124, in execute_block_assign
    rhs_expr = ExpressionRewriter(loop_scope, code_block=self).rewrite_expr(rhs)
               ^^^^^^^^^^^^^^^^^^^^^^^^^^^^^^^^^^^^^^^^^^^^^^^^^^^^^^^^^^^^^^^^^
  File "C:\Users\katha\Documents\Studium\Master\MASTER_THESIS\research\approach3\tryout_playground\Translator\Tools.py", line 192, in rewrite_expr
    raise ValueError(f"DS-type constructor should not appear in expressions: {expr}")
ValueError: DS-type constructor should not appear in expressions: <ast.Call object at 0x0000020574229FD0>

The above exception was the direct cause of the following exception:

Traceback (most recent call last):
  File "C:\Users\katha\Documents\Studium\Master\MASTER_THESIS\research\approach3\tryout_playground\structures_utils.py", line 330, in check_executability
    model = MiniZincTranslator(variable_block).unroll_translation()
            ^^^^^^^^^^^^^^^^^^^^^^^^^^^^^^^^^^^^^^^^^^^^^^^^^^^^^^^
  File "C:\Users\katha\Documents\Studium\Master\MASTER_THESIS\research\approach3\tryout_playground\Translator\Objects\MiniZincTranslator.py", line 28, in unroll_translation
    return self.compile()
           ^^^^^^^^^^^^^^
  File "C:\Users\katha\Documents\Studium\Master\MASTER_THESIS\research\approach3\tryout_playground\Translator\Objects\MiniZincTranslator.py", line 87, in compile
    block.run(self.top_level_stmts, loop_scope={})
  File "C:\Users\katha\Documents\Studium\Master\MASTER_THESIS\research\approach3\tryout_playground\Translator\Objects\CodeBlock.py", line 43, in run
    self.execute_block(block, {} if loop_scope is None else loop_scope)
  File "C:\Users\katha\Documents\Studium\Master\MASTER_THESIS\research\approach3\tryout_playground\Translator\Objects\CodeBlock.py", line 96, in execute_block
    raise Exception(f"Error processing statement: {ast.unparse(stmt)}") from e
Exception: Error processing statement: overlap_matrix: DSList(length=6, elem_type=DSList(length=6, elem_type=DSBool())) = DSList(length=6, elem_type=DSList(length=6, elem_type=DSBool()))
Checking node created for level 4 not executable: ValueError - DS-type constructor should not appear in expressions: <ast.Call object at 0x0000020574229FD0>, occurring at: overlap_matrix: DSList(length=6, elem_type=DSList(length=6, elem_type=DSBool())) = DSList(length=6, elem_type=DSList(length=6, elem_type=DSBool()))


input tokens: 3230
output tokens: 56
total tokens: 3286
Error processing statement: overlap_matrix: DSList(length=6, elem_type=OverlapMatrixRow) = DSList(length=6, elem_type=OverlapMatrixRow)
Traceback (most recent call last):
  File "C:\Users\katha\Documents\Studium\Master\MASTER_THESIS\research\approach3\tryout_playground\Translator\Objects\CodeBlock.py", line 72, in execute_block
    self.execute_block_annassign(stmt, loop_scope)
  File "C:\Users\katha\Documents\Studium\Master\MASTER_THESIS\research\approach3\tryout_playground\Translator\Objects\CodeBlock.py", line 613, in execute_block_annassign
    self.execute_block_assign(stmt.target, stmt.value, loop_scope)
  File "C:\Users\katha\Documents\Studium\Master\MASTER_THESIS\research\approach3\tryout_playground\Translator\Objects\CodeBlock.py", line 124, in execute_block_assign
    rhs_expr = ExpressionRewriter(loop_scope, code_block=self).rewrite_expr(rhs)
               ^^^^^^^^^^^^^^^^^^^^^^^^^^^^^^^^^^^^^^^^^^^^^^^^^^^^^^^^^^^^^^^^^
  File "C:\Users\katha\Documents\Studium\Master\MASTER_THESIS\research\approach3\tryout_playground\Translator\Tools.py", line 192, in rewrite_expr
    raise ValueError(f"DS-type constructor should not appear in expressions: {expr}")
ValueError: DS-type constructor should not appear in expressions: <ast.Call object at 0x0000020573F23A10>

The above exception was the direct cause of the following exception:

Traceback (most recent call last):
  File "C:\Users\katha\Documents\Studium\Master\MASTER_THESIS\research\approach3\tryout_playground\structures_utils.py", line 330, in check_executability
    model = MiniZincTranslator(variable_block).unroll_translation()
            ^^^^^^^^^^^^^^^^^^^^^^^^^^^^^^^^^^^^^^^^^^^^^^^^^^^^^^^
  File "C:\Users\katha\Documents\Studium\Master\MASTER_THESIS\research\approach3\tryout_playground\Translator\Objects\MiniZincTranslator.py", line 28, in unroll_translation
    return self.compile()
           ^^^^^^^^^^^^^^
  File "C:\Users\katha\Documents\Studium\Master\MASTER_THESIS\research\approach3\tryout_playground\Translator\Objects\MiniZincTranslator.py", line 87, in compile
    block.run(self.top_level_stmts, loop_scope={})
  File "C:\Users\katha\Documents\Studium\Master\MASTER_THESIS\research\approach3\tryout_playground\Translator\Objects\CodeBlock.py", line 43, in run
    self.execute_block(block, {} if loop_scope is None else loop_scope)
  File "C:\Users\katha\Documents\Studium\Master\MASTER_THESIS\research\approach3\tryout_playground\Translator\Objects\CodeBlock.py", line 96, in execute_block
    raise Exception(f"Error processing statement: {ast.unparse(stmt)}") from e
Exception: Error processing statement: overlap_matrix: DSList(length=6, elem_type=OverlapMatrixRow) = DSList(length=6, elem_type=OverlapMatrixRow)
Checking node created for level 4 not executable: ValueError - DS-type constructor should not appear in expressions: <ast.Call object at 0x0000020573F23A10>, occurring at: overlap_matrix: DSList(length=6, elem_type=OverlapMatrixRow) = DSList(length=6, elem_type=OverlapMatrixRow)


input tokens: 2973
output tokens: 42
total tokens: 3015
*** Constraints:
# --- constraints ---
OverlapMatrixRow = DSList(length=6, elem_type=DSBool())
overlap_matrix : DSList(length=6, elem_type=OverlapMatrixRow)

Sending feedback for a partial job well done.
input tokens: 581
output tokens: 1
total tokens: 582
input tokens: 3374
output tokens: 271
total tokens: 3645
*** Constraints:
# --- Auxiliary Variables ---
# Leave empty, if not required.
# --- constraints ---
def no_overlap_between_items(assignments: DSList(length=6, elem_type=BoxAssignment), items: DSList(length=6, elem_type=Item)):
    for i in range(1, N_ITEMS + 1):
        for j in range(i + 1, N_ITEMS + 1):
            item_i : Item = items[i]
            item_j : Item = items[j]
            assignment_i : BoxAssignment = assignments[i]
            assignment_j : BoxAssignment = assignments[j]

            # Check if both items are in the same box
            same_box : bool = assignment_i.box_id == assignment_j.box_id

            # Check for non-overlapping conditions
            left_of : bool = assignment_i.x + item_i.width <= assignment_j.x
            right_of : bool = assignment_j.x + item_j.width <= assignment_i.x
            below : bool = assignment_i.y + item_i.height <= assignment_j.y
            above : bool = assignment_j.y + item_j.height <= assignment_i.y

            # If in the same box, ensure they don't overlap
            assert not same_box or (left_of or right_of or below or above)

no_overlap_between_items(item_box_assignment, ITEMS)

Sending feedback for a partial job well done.
input tokens: 847
output tokens: 1
total tokens: 848
Full formulation:


# -- Objects --


Item = DSRecord({
    "width": DSInt(),
    "height": DSInt()
})

BoxAssignment = DSRecord({
    "box_id": DSInt(),
    "x": DSInt(),
    "y": DSInt()
})



# --- Constants ---
BOX_HEIGHT : int = 6
BOX_WIDTH : int = 10
ITEM1 : Item = {"width": 4, "height": 3}
ITEM2 : Item = {"width": 3, "height": 2}
ITEM3 : Item = {"width": 5, "height": 3}
ITEM4 : Item = {"width": 2, "height": 4}
ITEM5 : Item = {"width": 3, "height": 3}
ITEM6 : Item = {"width": 5, "height": 2}
ITEMS : DSList(length=6, elem_type=Item) = [ITEM1, ITEM2, ITEM3, ITEM4, ITEM5, ITEM6]
nr_used_boxes: DSInt()
item_box_assignment: DSList(length=6, elem_type=BoxAssignment)
N_ITEMS : int = 6
N_item_box_assignment : int = 6


# -- Objective --


# --- objective ---
def calculate_objective(assignments: DSList(length=6, elem_type=BoxAssignment)) -> DSInt():
    max_box_id : DSInt() = 0
    for i in range(1, N_ITEMS + 1):
        assignment : BoxAssignment = assignments[i]
        if assignment.box_id > max_box_id:
            max_box_id = assignment.box_id
    return max_box_id

max_used_box_id : DSInt() = calculate_objective(item_box_assignment)
assert objective == max_used_box_id

# -- Constraints --


# --- constraints ---
def items_fit_exactly_in_box(assignments: DSList(length=6, elem_type=BoxAssignment), items: DSList(length=6, elem_type=Item)):
    for i in range(1, N_ITEMS + 1):
        item : Item = items[i]
        assignment : BoxAssignment = assignments[i]
        # Ensure item fits within box dimensions
        assert assignment.x + item.width <= BOX_WIDTH
        assert assignment.y + item.height <= BOX_HEIGHT

items_fit_exactly_in_box(item_box_assignment, ITEMS)

# --- constraints ---
OverlapMatrixRow = DSList(length=6, elem_type=DSBool())
overlap_matrix : DSList(length=6, elem_type=OverlapMatrixRow)

# --- Auxiliary Variables ---
# Leave empty, if not required.
# --- constraints ---
def no_overlap_between_items(assignments: DSList(length=6, elem_type=BoxAssignment), items: DSList(length=6, elem_type=Item)):
    for i in range(1, N_ITEMS + 1):
        for j in range(i + 1, N_ITEMS + 1):
            item_i : Item = items[i]
            item_j : Item = items[j]
            assignment_i : BoxAssignment = assignments[i]
            assignment_j : BoxAssignment = assignments[j]

            # Check if both items are in the same box
            same_box : bool = assignment_i.box_id == assignment_j.box_id

            # Check for non-overlapping conditions
            left_of : bool = assignment_i.x + item_i.width <= assignment_j.x
            right_of : bool = assignment_j.x + item_j.width <= assignment_i.x
            below : bool = assignment_i.y + item_i.height <= assignment_j.y
            above : bool = assignment_j.y + item_j.height <= assignment_i.y

            # If in the same box, ensure they don't overlap
            assert not same_box or (left_of or right_of or below or above)

no_overlap_between_items(item_box_assignment, ITEMS)
**************************
Total failed steps: 0
**************************
----------------------------------------------------------------------------
----------------------------------------------------------------------------
    Starting run 4:
input tokens: 3087
output tokens: 54
total tokens: 3141
*** Response, global problem/datatypes:
Item = DSRecord({
    "width": DSInt(),
    "height": DSInt()
})

BoxAssignment = DSRecord({
    "box_id": DSInt(),
    "x": DSInt(),
    "y": DSInt()
})


input tokens: 2898
output tokens: 488
total tokens: 3386
*** Response, constants: [
    {
        "description": "Height of the box",
        "variable_name": "BOX_HEIGHT",
        "type": "int",
        "initialization": "BOX_HEIGHT : int = 6"
    },
    {
        "description": "Width of the box",
        "variable_name": "BOX_WIDTH",
        "type": "int",
        "initialization": "BOX_WIDTH : int = 10"
    },
    {
        "description": "Item 1",
        "variable_name": "ITEM1",
        "type": "Item",
        "initialization": "ITEM1 : Item = {\"width\": 4, \"height\": 3}"
    },
    {
        "description": "Item 2",
        "variable_name": "ITEM2",
        "type": "Item",
        "initialization": "ITEM2 : Item = {\"width\": 3, \"height\": 2}"
    },
    {
        "description": "Item 3",
        "variable_name": "ITEM3",
        "type": "Item",
        "initialization": "ITEM3 : Item = {\"width\": 5, \"height\": 3}"
    },
    {
        "description": "Item 4",
        "variable_name": "ITEM4",
        "type": "Item",
        "initialization": "ITEM4 : Item = {\"width\": 2, \"height\": 4}"
    },
    {
        "description": "Item 5",
        "variable_name": "ITEM5",
        "type": "Item",
        "initialization": "ITEM5 : Item = {\"width\": 3, \"height\": 3}"
    },
    {
        "description": "Item 6",
        "variable_name": "ITEM6",
        "type": "Item",
        "initialization": "ITEM6 : Item = {\"width\": 5, \"height\": 2}"
    },
    {
        "description": "List of items",
        "variable_name": "ITEMS",
        "type": "DSList(length=6, elem_type=Item)",
        "initialization": "ITEMS : DSList(length=6, elem_type=Item) = [ITEM1, ITEM2, ITEM3, ITEM4, ITEM5, ITEM6]"
    }
]

input tokens: 3113
output tokens: 226
total tokens: 3339
*** Response (decision) variables: [
    {
        "description": "Number of boxes used to pack all items, minimized in the objective",
        "variable_name": "nr_used_boxes",
        "type": "DSInt()",
        "initialization": "nr_used_boxes : DSInt()"
    },
    {
        "description": "Assignment of each item to a box including box id and position",
        "variable_name": "item_box_assignment",
        "type": "DSList(length=6, elem_type=BoxAssignment)",
        "initialization": "item_box_assignment : DSList(length=6, elem_type=BoxAssignment)"
    },
    {
        "description": "X and Y positions of each item within its assigned box",
        "variable_name": "x_y_positions",
        "type": "DSList(length=6, elem_type=DSRecord({\"x\": DSInt(), \"y\": DSInt()}))",
        "initialization": "x_y_positions : DSList(length=6, elem_type=DSRecord({\"x\": DSInt(), \"y\": DSInt()}))"
    }
]

input tokens: 3001
output tokens: 116
total tokens: 3117
Error processing statement: for i in range(1, N_item_box_assignment + 1):
    assignment: BoxAssignment = assignments[i]
    if assignment.box_id > max_box_id:
        max_box_id = assignment.box_id
Traceback (most recent call last):
  File "C:\Users\katha\Documents\Studium\Master\MASTER_THESIS\research\approach3\tryout_playground\Translator\Objects\CodeBlock.py", line 63, in execute_block
    self.execute_block_for(stmt, loop_scope)
  File "C:\Users\katha\Documents\Studium\Master\MASTER_THESIS\research\approach3\tryout_playground\Translator\Objects\CodeBlock.py", line 342, in execute_block_for
    iter_values, loop_vars = self._resolve_range_iter(stmt, loop_scope)
                             ^^^^^^^^^^^^^^^^^^^^^^^^^^^^^^^^^^^^^^^^^^
  File "C:\Users\katha\Documents\Studium\Master\MASTER_THESIS\research\approach3\tryout_playground\Translator\Objects\CodeBlock.py", line 420, in _resolve_range_iter
    end_val = ExpressionRewriter(loop_scope, code_block=self).get_expr_value(end_node)
              ^^^^^^^^^^^^^^^^^^^^^^^^^^^^^^^^^^^^^^^^^^^^^^^^^^^^^^^^^^^^^^^^^^^^^^^^
  File "C:\Users\katha\Documents\Studium\Master\MASTER_THESIS\research\approach3\tryout_playground\Translator\Tools.py", line 29, in get_expr_value
    string_expr = self.rewrite_expr(expr)
                  ^^^^^^^^^^^^^^^^^^^^^^^
  File "C:\Users\katha\Documents\Studium\Master\MASTER_THESIS\research\approach3\tryout_playground\Translator\Tools.py", line 44, in rewrite_expr
    left = self.rewrite_expr(expr.left)
           ^^^^^^^^^^^^^^^^^^^^^^^^^^^^
  File "C:\Users\katha\Documents\Studium\Master\MASTER_THESIS\research\approach3\tryout_playground\Translator\Tools.py", line 110, in rewrite_expr
    return self.variable_table[name].versioned_name()
           ~~~~~~~~~~~~~~~~~~~^^^^^^
KeyError: 'N_item_box_assignment'

The above exception was the direct cause of the following exception:

Traceback (most recent call last):
  File "C:\Users\katha\Documents\Studium\Master\MASTER_THESIS\research\approach3\tryout_playground\structures_utils.py", line 330, in check_executability
    model = MiniZincTranslator(variable_block).unroll_translation()
            ^^^^^^^^^^^^^^^^^^^^^^^^^^^^^^^^^^^^^^^^^^^^^^^^^^^^^^^
  File "C:\Users\katha\Documents\Studium\Master\MASTER_THESIS\research\approach3\tryout_playground\Translator\Objects\MiniZincTranslator.py", line 27, in unroll_translation
    self.parse()
  File "C:\Users\katha\Documents\Studium\Master\MASTER_THESIS\research\approach3\tryout_playground\Translator\Objects\MiniZincTranslator.py", line 72, in parse
    pred = Predicate(node,
           ^^^^^^^^^^^^^^^
  File "C:\Users\katha\Documents\Studium\Master\MASTER_THESIS\research\approach3\tryout_playground\Translator\Objects\Predicate.py", line 37, in __init__
    self.run(func_body, loop_scope={})
  File "C:\Users\katha\Documents\Studium\Master\MASTER_THESIS\research\approach3\tryout_playground\Translator\Objects\CodeBlock.py", line 43, in run
    self.execute_block(block, {} if loop_scope is None else loop_scope)
  File "C:\Users\katha\Documents\Studium\Master\MASTER_THESIS\research\approach3\tryout_playground\Translator\Objects\CodeBlock.py", line 96, in execute_block
    raise Exception(f"Error processing statement: {ast.unparse(stmt)}") from e
Exception: Error processing statement: for i in range(1, N_item_box_assignment + 1):
    assignment: BoxAssignment = assignments[i]
    if assignment.box_id > max_box_id:
        max_box_id = assignment.box_id
Checking node created for level 3 not executable: KeyError - 'N_item_box_assignment', occurring at: for i in range(1, N_item_box_assignment + 1):
    assignment: BoxAssignment = assignments[i]
    if assignment.box_id > max_box_id:
        max_box_id = assignment.box_id


input tokens: 2827
output tokens: 115
total tokens: 2942
Sending feedback for a partial job well done.
input tokens: 463
output tokens: 1
total tokens: 464
*** Obj. function:
# --- objective ---
def calculate_objective(assignments: DSList(length=6, elem_type=BoxAssignment)) -> DSInt():
    max_box_id : DSInt() = 0
    for i in range(1, N_ITEMS + 1):
        assignment : BoxAssignment = assignments[i]
        if assignment.box_id > max_box_id:
            max_box_id = assignment.box_id
    return max_box_id

temp_objective : DSInt() = calculate_objective(item_box_assignment)
assert objective == temp_objective

Sending feedback for a partial job well done.
input tokens: 463
output tokens: 1
total tokens: 464
input tokens: 3264
output tokens: 141
total tokens: 3405
*** Constraints:
# --- Auxiliary Variables ---
# Leave empty, if not required.
# --- constraints ---
def items_fit_in_box(
    items: DSList(length=6, elem_type=Item),
    assignments: DSList(length=6, elem_type=BoxAssignment),
    box_width: int,
    box_height: int
):
    for i in range(1, N_ITEMS + 1):
        item: Item = items[i]
        assignment: BoxAssignment = assignments[i]
        assert assignment.x + item.width <= box_width
        assert assignment.y + item.height <= box_height

items_fit_in_box(ITEMS, item_box_assignment, BOX_WIDTH, BOX_HEIGHT)

Sending feedback for a partial job well done.
input tokens: 604
output tokens: 1
total tokens: 605
input tokens: 3393
output tokens: 291
total tokens: 3684
*** Constraints:
# --- Auxiliary Variables ---
# Leave empty, if not required.
# --- constraints ---
def no_overlap(
    assignments: DSList(length=6, elem_type=BoxAssignment),
    items: DSList(length=6, elem_type=Item)
):
    for i in range(1, N_ITEMS + 1):
        for j in range(i + 1, N_ITEMS + 1):
            assignment_i: BoxAssignment = assignments[i]
            assignment_j: BoxAssignment = assignments[j]
            item_i: Item = items[i]
            item_j: Item = items[j]

            # Check if items are in the same box
            same_box: DSBool() = assignment_i.box_id == assignment_j.box_id

            # Check for non-overlapping in x direction
            no_overlap_x: DSBool() = (
                assignment_i.x + item_i.width <= assignment_j.x or
                assignment_j.x + item_j.width <= assignment_i.x
            )

            # Check for non-overlapping in y direction
            no_overlap_y: DSBool() = (
                assignment_i.y + item_i.height <= assignment_j.y or
                assignment_j.y + item_j.height <= assignment_i.y
            )

            # If in the same box, they must not overlap
            assert not same_box or no_overlap_x or no_overlap_y

no_overlap(item_box_assignment, ITEMS)

Sending feedback for a partial job well done.
input tokens: 890
output tokens: 1
total tokens: 891
input tokens: 3683
output tokens: 86
total tokens: 3769
*** Constraints:
# --- Auxiliary Variables ---
# Leave empty, if not required.
# --- constraints ---
def assign_exactly_one_box(
    assignments: DSList(length=6, elem_type=BoxAssignment)
):
    for i in range(1, N_ITEMS + 1):
        assignment: BoxAssignment = assignments[i]
        assert assignment.box_id >= 1

assign_exactly_one_box(item_box_assignment)

Sending feedback for a partial job well done.
input tokens: 971
output tokens: 1
total tokens: 972
Full formulation:


# -- Objects --


Item = DSRecord({
    "width": DSInt(),
    "height": DSInt()
})

BoxAssignment = DSRecord({
    "box_id": DSInt(),
    "x": DSInt(),
    "y": DSInt()
})



# --- Constants ---
BOX_HEIGHT : int = 6
BOX_WIDTH : int = 10
ITEM1 : Item = {"width": 4, "height": 3}
ITEM2 : Item = {"width": 3, "height": 2}
ITEM3 : Item = {"width": 5, "height": 3}
ITEM4 : Item = {"width": 2, "height": 4}
ITEM5 : Item = {"width": 3, "height": 3}
ITEM6 : Item = {"width": 5, "height": 2}
ITEMS : DSList(length=6, elem_type=Item) = [ITEM1, ITEM2, ITEM3, ITEM4, ITEM5, ITEM6]
nr_used_boxes : DSInt()
item_box_assignment : DSList(length=6, elem_type=BoxAssignment)
x_y_positions : DSList(length=6, elem_type=DSRecord({"x": DSInt(), "y": DSInt()}))
N_ITEMS : int = 6
N_item_box_assignment : int = 6
N_x_y_positions : int = 6


# -- Objective --


# --- objective ---
def calculate_objective(assignments: DSList(length=6, elem_type=BoxAssignment)) -> DSInt():
    max_box_id : DSInt() = 0
    for i in range(1, N_ITEMS + 1):
        assignment : BoxAssignment = assignments[i]
        if assignment.box_id > max_box_id:
            max_box_id = assignment.box_id
    return max_box_id

temp_objective : DSInt() = calculate_objective(item_box_assignment)
assert objective == temp_objective

# -- Constraints --


# --- Auxiliary Variables ---
# Leave empty, if not required.
# --- constraints ---
def items_fit_in_box(
    items: DSList(length=6, elem_type=Item),
    assignments: DSList(length=6, elem_type=BoxAssignment),
    box_width: int,
    box_height: int
):
    for i in range(1, N_ITEMS + 1):
        item: Item = items[i]
        assignment: BoxAssignment = assignments[i]
        assert assignment.x + item.width <= box_width
        assert assignment.y + item.height <= box_height

items_fit_in_box(ITEMS, item_box_assignment, BOX_WIDTH, BOX_HEIGHT)

# --- Auxiliary Variables ---
# Leave empty, if not required.
# --- constraints ---
def no_overlap(
    assignments: DSList(length=6, elem_type=BoxAssignment),
    items: DSList(length=6, elem_type=Item)
):
    for i in range(1, N_ITEMS + 1):
        for j in range(i + 1, N_ITEMS + 1):
            assignment_i: BoxAssignment = assignments[i]
            assignment_j: BoxAssignment = assignments[j]
            item_i: Item = items[i]
            item_j: Item = items[j]

            # Check if items are in the same box
            same_box: DSBool() = assignment_i.box_id == assignment_j.box_id

            # Check for non-overlapping in x direction
            no_overlap_x: DSBool() = (
                assignment_i.x + item_i.width <= assignment_j.x or
                assignment_j.x + item_j.width <= assignment_i.x
            )

            # Check for non-overlapping in y direction
            no_overlap_y: DSBool() = (
                assignment_i.y + item_i.height <= assignment_j.y or
                assignment_j.y + item_j.height <= assignment_i.y
            )

            # If in the same box, they must not overlap
            assert not same_box or no_overlap_x or no_overlap_y

no_overlap(item_box_assignment, ITEMS)

# --- Auxiliary Variables ---
# Leave empty, if not required.
# --- constraints ---
def assign_exactly_one_box(
    assignments: DSList(length=6, elem_type=BoxAssignment)
):
    for i in range(1, N_ITEMS + 1):
        assignment: BoxAssignment = assignments[i]
        assert assignment.box_id >= 1

assign_exactly_one_box(item_box_assignment)
**************************
Total failed steps: 0
**************************
----------------------------------------------------------------------------

----------------------------------------------------------------------------
    Starting run 0:
input tokens: 3087
output tokens: 78
total tokens: 3165
*** Response, global problem/datatypes:
Item = DSRecord({
    "width": DSInt(),
    "height": DSInt()
})

ItemBoxAssignment = DSRecord({
    "item_index": DSInt(),
    "box_index": DSInt()
})

XYPosition = DSRecord({
    "item_index": DSInt(),
    "x": DSInt(),
    "y": DSInt()
})


input tokens: 2922
output tokens: 287
total tokens: 3209
*** Response, constants: [
    {
        "description": "Height of the box",
        "variable_name": "BOX_HEIGHT",
        "type": "int",
        "initialization": "BOX_HEIGHT : int = 6"
    },
    {
        "description": "Width of the box",
        "variable_name": "BOX_WIDTH",
        "type": "int",
        "initialization": "BOX_WIDTH : int = 10"
    },
    {
        "description": "List of items with their dimensions",
        "variable_name": "ITEMS",
        "type": "DSList(length=6, elem_type=Item)",
        "initialization": "ITEM1 : Item = {\"width\": 4, \"height\": 3}\nITEM2 : Item = {\"width\": 3, \"height\": 2}\nITEM3 : Item = {\"width\": 5, \"height\": 3}\nITEM4 : Item = {\"width\": 2, \"height\": 4}\nITEM5 : Item = {\"width\": 3, \"height\": 3}\nITEM6 : Item = {\"width\": 5, \"height\": 2}\nITEMS : DSList(length=6, elem_type=Item) = [ITEM1, ITEM2, ITEM3, ITEM4, ITEM5, ITEM6]"
    }
]

input tokens: 3137
output tokens: 195
total tokens: 3332
*** Response (decision) variables: [
    {
        "description": "Number of boxes used to pack all items, minimized in objective",
        "variable_name": "nr_used_boxes",
        "type": "DSInt",
        "initialization": "nr_used_boxes : DSInt()"
    },
    {
        "description": "Assignment of each item to a box index",
        "variable_name": "item_box_assignment",
        "type": "DSList(length=6, elem_type=ItemBoxAssignment)",
        "initialization": "item_box_assignment : DSList(length=6, elem_type=ItemBoxAssignment)"
    },
    {
        "description": "X and Y positions of each item within its assigned box",
        "variable_name": "x_y_positions",
        "type": "DSList(length=6, elem_type=XYPosition)",
        "initialization": "x_y_positions : DSList(length=6, elem_type=XYPosition)"
    }
]

input tokens: 3014
output tokens: 120
total tokens: 3134
Error processing statement: for i in range(1, N_item_box_assignment + 1):
    assignment: ItemBoxAssignment = assignments[i]
    if assignment.box_index > max_box_index:
        max_box_index = assignment.box_index
Traceback (most recent call last):
  File "C:\Users\katha\Documents\Studium\Master\MASTER_THESIS\research\approach3\tryout_playground\Translator\Objects\CodeBlock.py", line 63, in execute_block
    self.execute_block_for(stmt, loop_scope)
  File "C:\Users\katha\Documents\Studium\Master\MASTER_THESIS\research\approach3\tryout_playground\Translator\Objects\CodeBlock.py", line 342, in execute_block_for
    iter_values, loop_vars = self._resolve_range_iter(stmt, loop_scope)
                             ^^^^^^^^^^^^^^^^^^^^^^^^^^^^^^^^^^^^^^^^^^
  File "C:\Users\katha\Documents\Studium\Master\MASTER_THESIS\research\approach3\tryout_playground\Translator\Objects\CodeBlock.py", line 420, in _resolve_range_iter
    end_val = ExpressionRewriter(loop_scope, code_block=self).get_expr_value(end_node)
              ^^^^^^^^^^^^^^^^^^^^^^^^^^^^^^^^^^^^^^^^^^^^^^^^^^^^^^^^^^^^^^^^^^^^^^^^
  File "C:\Users\katha\Documents\Studium\Master\MASTER_THESIS\research\approach3\tryout_playground\Translator\Tools.py", line 29, in get_expr_value
    string_expr = self.rewrite_expr(expr)
                  ^^^^^^^^^^^^^^^^^^^^^^^
  File "C:\Users\katha\Documents\Studium\Master\MASTER_THESIS\research\approach3\tryout_playground\Translator\Tools.py", line 44, in rewrite_expr
    left = self.rewrite_expr(expr.left)
           ^^^^^^^^^^^^^^^^^^^^^^^^^^^^
  File "C:\Users\katha\Documents\Studium\Master\MASTER_THESIS\research\approach3\tryout_playground\Translator\Tools.py", line 110, in rewrite_expr
    return self.variable_table[name].versioned_name()
           ~~~~~~~~~~~~~~~~~~~^^^^^^
KeyError: 'N_item_box_assignment'

The above exception was the direct cause of the following exception:

Traceback (most recent call last):
  File "C:\Users\katha\Documents\Studium\Master\MASTER_THESIS\research\approach3\tryout_playground\structures_utils.py", line 330, in check_executability
    model = MiniZincTranslator(variable_block).unroll_translation()
            ^^^^^^^^^^^^^^^^^^^^^^^^^^^^^^^^^^^^^^^^^^^^^^^^^^^^^^^
  File "C:\Users\katha\Documents\Studium\Master\MASTER_THESIS\research\approach3\tryout_playground\Translator\Objects\MiniZincTranslator.py", line 27, in unroll_translation
    self.parse()
  File "C:\Users\katha\Documents\Studium\Master\MASTER_THESIS\research\approach3\tryout_playground\Translator\Objects\MiniZincTranslator.py", line 72, in parse
    pred = Predicate(node,
           ^^^^^^^^^^^^^^^
  File "C:\Users\katha\Documents\Studium\Master\MASTER_THESIS\research\approach3\tryout_playground\Translator\Objects\Predicate.py", line 37, in __init__
    self.run(func_body, loop_scope={})
  File "C:\Users\katha\Documents\Studium\Master\MASTER_THESIS\research\approach3\tryout_playground\Translator\Objects\CodeBlock.py", line 43, in run
    self.execute_block(block, {} if loop_scope is None else loop_scope)
  File "C:\Users\katha\Documents\Studium\Master\MASTER_THESIS\research\approach3\tryout_playground\Translator\Objects\CodeBlock.py", line 96, in execute_block
    raise Exception(f"Error processing statement: {ast.unparse(stmt)}") from e
Exception: Error processing statement: for i in range(1, N_item_box_assignment + 1):
    assignment: ItemBoxAssignment = assignments[i]
    if assignment.box_index > max_box_index:
        max_box_index = assignment.box_index
Checking node created for level 3 not executable: KeyError - 'N_item_box_assignment', occurring at: for i in range(1, N_item_box_assignment + 1):
    assignment: ItemBoxAssignment = assignments[i]
    if assignment.box_index > max_box_index:
        max_box_index = assignment.box_index


input tokens: 2845
output tokens: 119
total tokens: 2964
Sending feedback for a partial job well done.
input tokens: 480
output tokens: 1
total tokens: 481
*** Obj. function:
# --- objective ---
def calculate_objective(assignments: DSList(length=6, elem_type=ItemBoxAssignment)) -> DSInt():
    max_box_index : DSInt() = 0
    for i in range(1, N_ITEMS + 1):
        assignment : ItemBoxAssignment = assignments[i]
        if assignment.box_index > max_box_index:
            max_box_index = assignment.box_index
    return max_box_index

max_used_box_index : DSInt() = calculate_objective(item_box_assignment)
assert objective == max_used_box_index

Sending feedback for a partial job well done.
input tokens: 480
output tokens: 1
total tokens: 481
input tokens: 3281
output tokens: 312
total tokens: 3593
Error processing statement: for i in range(1, N_ITEMS + 1):
    item: Item = items[i]
    assignment: ItemBoxAssignment = assignments[i]
    position: XYPosition = positions[i]
    assert position.x + item.width <= BOX_WIDTH
    assert position.y + item.height <= BOX_HEIGHT
    assert assignment.box_index >= 1
    assert assignment.box_index <= 6
    assert assignment.item_index == position.item_index
    area: int = item.width * item.height
    box_areas[assignment.box_index] = box_areas[assignment.box_index] + area
Traceback (most recent call last):
  File "C:\Users\katha\Documents\Studium\Master\MASTER_THESIS\research\approach3\tryout_playground\Translator\Objects\CodeBlock.py", line 60, in execute_block
    self.execute_block_assign(stmt.targets[0], stmt.value, loop_scope)
  File "C:\Users\katha\Documents\Studium\Master\MASTER_THESIS\research\approach3\tryout_playground\Translator\Objects\CodeBlock.py", line 124, in execute_block_assign
    rhs_expr = ExpressionRewriter(loop_scope, code_block=self).rewrite_expr(rhs)
               ^^^^^^^^^^^^^^^^^^^^^^^^^^^^^^^^^^^^^^^^^^^^^^^^^^^^^^^^^^^^^^^^^
  File "C:\Users\katha\Documents\Studium\Master\MASTER_THESIS\research\approach3\tryout_playground\Translator\Tools.py", line 44, in rewrite_expr
    left = self.rewrite_expr(expr.left)
           ^^^^^^^^^^^^^^^^^^^^^^^^^^^^
  File "C:\Users\katha\Documents\Studium\Master\MASTER_THESIS\research\approach3\tryout_playground\Translator\Tools.py", line 118, in rewrite_expr
    base = self.rewrite_expr(expr.value)
           ^^^^^^^^^^^^^^^^^^^^^^^^^^^^^
  File "C:\Users\katha\Documents\Studium\Master\MASTER_THESIS\research\approach3\tryout_playground\Translator\Tools.py", line 110, in rewrite_expr
    return self.variable_table[name].versioned_name()
           ~~~~~~~~~~~~~~~~~~~^^^^^^
KeyError: 'box_areas'

The above exception was the direct cause of the following exception:

Traceback (most recent call last):
  File "C:\Users\katha\Documents\Studium\Master\MASTER_THESIS\research\approach3\tryout_playground\Translator\Objects\CodeBlock.py", line 63, in execute_block
    self.execute_block_for(stmt, loop_scope)
  File "C:\Users\katha\Documents\Studium\Master\MASTER_THESIS\research\approach3\tryout_playground\Translator\Objects\CodeBlock.py", line 397, in execute_block_for
    self.execute_block(stmt.body, new_scope)
  File "C:\Users\katha\Documents\Studium\Master\MASTER_THESIS\research\approach3\tryout_playground\Translator\Objects\CodeBlock.py", line 96, in execute_block
    raise Exception(f"Error processing statement: {ast.unparse(stmt)}") from e
Exception: Error processing statement: box_areas[assignment.box_index] = box_areas[assignment.box_index] + area

The above exception was the direct cause of the following exception:

Traceback (most recent call last):
  File "C:\Users\katha\Documents\Studium\Master\MASTER_THESIS\research\approach3\tryout_playground\structures_utils.py", line 330, in check_executability
    model = MiniZincTranslator(variable_block).unroll_translation()
            ^^^^^^^^^^^^^^^^^^^^^^^^^^^^^^^^^^^^^^^^^^^^^^^^^^^^^^^
  File "C:\Users\katha\Documents\Studium\Master\MASTER_THESIS\research\approach3\tryout_playground\Translator\Objects\MiniZincTranslator.py", line 27, in unroll_translation
    self.parse()
  File "C:\Users\katha\Documents\Studium\Master\MASTER_THESIS\research\approach3\tryout_playground\Translator\Objects\MiniZincTranslator.py", line 72, in parse
    pred = Predicate(node,
           ^^^^^^^^^^^^^^^
  File "C:\Users\katha\Documents\Studium\Master\MASTER_THESIS\research\approach3\tryout_playground\Translator\Objects\Predicate.py", line 37, in __init__
    self.run(func_body, loop_scope={})
  File "C:\Users\katha\Documents\Studium\Master\MASTER_THESIS\research\approach3\tryout_playground\Translator\Objects\CodeBlock.py", line 43, in run
    self.execute_block(block, {} if loop_scope is None else loop_scope)
  File "C:\Users\katha\Documents\Studium\Master\MASTER_THESIS\research\approach3\tryout_playground\Translator\Objects\CodeBlock.py", line 96, in execute_block
    raise Exception(f"Error processing statement: {ast.unparse(stmt)}") from e
Exception: Error processing statement: for i in range(1, N_ITEMS + 1):
    item: Item = items[i]
    assignment: ItemBoxAssignment = assignments[i]
    position: XYPosition = positions[i]
    assert position.x + item.width <= BOX_WIDTH
    assert position.y + item.height <= BOX_HEIGHT
    assert assignment.box_index >= 1
    assert assignment.box_index <= 6
    assert assignment.item_index == position.item_index
    area: int = item.width * item.height
    box_areas[assignment.box_index] = box_areas[assignment.box_index] + area
Checking node created for level 4 not executable: KeyError - 'box_areas', occurring at: for i in range(1, N_ITEMS + 1):
    item: Item = items[i]
    assignment: ItemBoxAssignment = assignments[i]
    position: XYPosition = positions[i]
    assert position.x + item.width <= BOX_WIDTH
    assert position.y + item.height <= BOX_HEIGHT
    assert assignment.box_index >= 1
    assert assignment.box_index <= 6
    assert assignment.item_index == position.item_index
    area: int = item.width * item.height
    box_areas[assignment.box_index] = box_areas[assignment.box_index] + area


input tokens: 3230
output tokens: 336
total tokens: 3566
Error processing statement: for i in range(1, N_ITEMS + 1):
    item: Item = items[i]
    assignment: ItemBoxAssignment = assignments[i]
    position: XYPosition = positions[i]
    assert position.x + item.width <= BOX_WIDTH
    assert position.y + item.height <= BOX_HEIGHT
    assert assignment.box_index >= 1
    assert assignment.box_index <= 6
    assert assignment.item_index == position.item_index
    area: int = item.width * item.height
    box_areas[assignment.box_index] = box_areas[assignment.box_index] + area
Traceback (most recent call last):
  File "C:\Users\katha\Documents\Studium\Master\MASTER_THESIS\research\approach3\tryout_playground\Translator\Objects\CodeBlock.py", line 60, in execute_block
    self.execute_block_assign(stmt.targets[0], stmt.value, loop_scope)
  File "C:\Users\katha\Documents\Studium\Master\MASTER_THESIS\research\approach3\tryout_playground\Translator\Objects\CodeBlock.py", line 124, in execute_block_assign
    rhs_expr = ExpressionRewriter(loop_scope, code_block=self).rewrite_expr(rhs)
               ^^^^^^^^^^^^^^^^^^^^^^^^^^^^^^^^^^^^^^^^^^^^^^^^^^^^^^^^^^^^^^^^^
  File "C:\Users\katha\Documents\Studium\Master\MASTER_THESIS\research\approach3\tryout_playground\Translator\Tools.py", line 44, in rewrite_expr
    left = self.rewrite_expr(expr.left)
           ^^^^^^^^^^^^^^^^^^^^^^^^^^^^
  File "C:\Users\katha\Documents\Studium\Master\MASTER_THESIS\research\approach3\tryout_playground\Translator\Tools.py", line 118, in rewrite_expr
    base = self.rewrite_expr(expr.value)
           ^^^^^^^^^^^^^^^^^^^^^^^^^^^^^
  File "C:\Users\katha\Documents\Studium\Master\MASTER_THESIS\research\approach3\tryout_playground\Translator\Tools.py", line 110, in rewrite_expr
    return self.variable_table[name].versioned_name()
           ~~~~~~~~~~~~~~~~~~~^^^^^^
KeyError: 'box_areas'

The above exception was the direct cause of the following exception:

Traceback (most recent call last):
  File "C:\Users\katha\Documents\Studium\Master\MASTER_THESIS\research\approach3\tryout_playground\Translator\Objects\CodeBlock.py", line 63, in execute_block
    self.execute_block_for(stmt, loop_scope)
  File "C:\Users\katha\Documents\Studium\Master\MASTER_THESIS\research\approach3\tryout_playground\Translator\Objects\CodeBlock.py", line 397, in execute_block_for
    self.execute_block(stmt.body, new_scope)
  File "C:\Users\katha\Documents\Studium\Master\MASTER_THESIS\research\approach3\tryout_playground\Translator\Objects\CodeBlock.py", line 96, in execute_block
    raise Exception(f"Error processing statement: {ast.unparse(stmt)}") from e
Exception: Error processing statement: box_areas[assignment.box_index] = box_areas[assignment.box_index] + area

The above exception was the direct cause of the following exception:

Traceback (most recent call last):
  File "C:\Users\katha\Documents\Studium\Master\MASTER_THESIS\research\approach3\tryout_playground\structures_utils.py", line 330, in check_executability
    model = MiniZincTranslator(variable_block).unroll_translation()
            ^^^^^^^^^^^^^^^^^^^^^^^^^^^^^^^^^^^^^^^^^^^^^^^^^^^^^^^
  File "C:\Users\katha\Documents\Studium\Master\MASTER_THESIS\research\approach3\tryout_playground\Translator\Objects\MiniZincTranslator.py", line 27, in unroll_translation
    self.parse()
  File "C:\Users\katha\Documents\Studium\Master\MASTER_THESIS\research\approach3\tryout_playground\Translator\Objects\MiniZincTranslator.py", line 72, in parse
    pred = Predicate(node,
           ^^^^^^^^^^^^^^^
  File "C:\Users\katha\Documents\Studium\Master\MASTER_THESIS\research\approach3\tryout_playground\Translator\Objects\Predicate.py", line 37, in __init__
    self.run(func_body, loop_scope={})
  File "C:\Users\katha\Documents\Studium\Master\MASTER_THESIS\research\approach3\tryout_playground\Translator\Objects\CodeBlock.py", line 43, in run
    self.execute_block(block, {} if loop_scope is None else loop_scope)
  File "C:\Users\katha\Documents\Studium\Master\MASTER_THESIS\research\approach3\tryout_playground\Translator\Objects\CodeBlock.py", line 96, in execute_block
    raise Exception(f"Error processing statement: {ast.unparse(stmt)}") from e
Exception: Error processing statement: for i in range(1, N_ITEMS + 1):
    item: Item = items[i]
    assignment: ItemBoxAssignment = assignments[i]
    position: XYPosition = positions[i]
    assert position.x + item.width <= BOX_WIDTH
    assert position.y + item.height <= BOX_HEIGHT
    assert assignment.box_index >= 1
    assert assignment.box_index <= 6
    assert assignment.item_index == position.item_index
    area: int = item.width * item.height
    box_areas[assignment.box_index] = box_areas[assignment.box_index] + area
Checking node created for level 4 not executable: KeyError - 'box_areas', occurring at: for i in range(1, N_ITEMS + 1):
    item: Item = items[i]
    assignment: ItemBoxAssignment = assignments[i]
    position: XYPosition = positions[i]
    assert position.x + item.width <= BOX_WIDTH
    assert position.y + item.height <= BOX_HEIGHT
    assert assignment.box_index >= 1
    assert assignment.box_index <= 6
    assert assignment.item_index == position.item_index
    area: int = item.width * item.height
    box_areas[assignment.box_index] = box_areas[assignment.box_index] + area


input tokens: 3249
output tokens: 356
total tokens: 3605
Error processing statement: box_areas: DSList(length=6, elem_type=DSInt()) = DSList(length=6, elem_type=DSInt())
Traceback (most recent call last):
  File "C:\Users\katha\Documents\Studium\Master\MASTER_THESIS\research\approach3\tryout_playground\Translator\Objects\CodeBlock.py", line 72, in execute_block
    self.execute_block_annassign(stmt, loop_scope)
  File "C:\Users\katha\Documents\Studium\Master\MASTER_THESIS\research\approach3\tryout_playground\Translator\Objects\CodeBlock.py", line 613, in execute_block_annassign
    self.execute_block_assign(stmt.target, stmt.value, loop_scope)
  File "C:\Users\katha\Documents\Studium\Master\MASTER_THESIS\research\approach3\tryout_playground\Translator\Objects\CodeBlock.py", line 124, in execute_block_assign
    rhs_expr = ExpressionRewriter(loop_scope, code_block=self).rewrite_expr(rhs)
               ^^^^^^^^^^^^^^^^^^^^^^^^^^^^^^^^^^^^^^^^^^^^^^^^^^^^^^^^^^^^^^^^^
  File "C:\Users\katha\Documents\Studium\Master\MASTER_THESIS\research\approach3\tryout_playground\Translator\Tools.py", line 192, in rewrite_expr
    raise ValueError(f"DS-type constructor should not appear in expressions: {expr}")
ValueError: DS-type constructor should not appear in expressions: <ast.Call object at 0x00000187C3A94D90>

The above exception was the direct cause of the following exception:

Traceback (most recent call last):
  File "C:\Users\katha\Documents\Studium\Master\MASTER_THESIS\research\approach3\tryout_playground\structures_utils.py", line 330, in check_executability
    model = MiniZincTranslator(variable_block).unroll_translation()
            ^^^^^^^^^^^^^^^^^^^^^^^^^^^^^^^^^^^^^^^^^^^^^^^^^^^^^^^
  File "C:\Users\katha\Documents\Studium\Master\MASTER_THESIS\research\approach3\tryout_playground\Translator\Objects\MiniZincTranslator.py", line 28, in unroll_translation
    return self.compile()
           ^^^^^^^^^^^^^^
  File "C:\Users\katha\Documents\Studium\Master\MASTER_THESIS\research\approach3\tryout_playground\Translator\Objects\MiniZincTranslator.py", line 87, in compile
    block.run(self.top_level_stmts, loop_scope={})
  File "C:\Users\katha\Documents\Studium\Master\MASTER_THESIS\research\approach3\tryout_playground\Translator\Objects\CodeBlock.py", line 43, in run
    self.execute_block(block, {} if loop_scope is None else loop_scope)
  File "C:\Users\katha\Documents\Studium\Master\MASTER_THESIS\research\approach3\tryout_playground\Translator\Objects\CodeBlock.py", line 96, in execute_block
    raise Exception(f"Error processing statement: {ast.unparse(stmt)}") from e
Exception: Error processing statement: box_areas: DSList(length=6, elem_type=DSInt()) = DSList(length=6, elem_type=DSInt())
step before check: assignment[1].box_index of type <class 'str'>
step before check: assignment[2].box_index of type <class 'str'>
step before check: assignment[3].box_index of type <class 'str'>
step before check: assignment[4].box_index of type <class 'str'>
step before check: assignment[5].box_index of type <class 'str'>
step before check: assignment[6].box_index of type <class 'str'>
Checking node created for level 4 not executable: ValueError - DS-type constructor should not appear in expressions: <ast.Call object at 0x00000187C3A94D90>, occurring at: box_areas: DSList(length=6, elem_type=DSInt()) = DSList(length=6, elem_type=DSInt())


input tokens: 3207
output tokens: 357
total tokens: 3564
step before check: assignment[1].box_index of type <class 'str'>
step before check: assignment[2].box_index of type <class 'str'>
step before check: assignment[3].box_index of type <class 'str'>
step before check: assignment[4].box_index of type <class 'str'>
step before check: assignment[5].box_index of type <class 'str'>
step before check: assignment[6].box_index of type <class 'str'>
Error processing statement: box_areas: DSList(length=6, elem_type=DSInt()) = DSList(length=6, elem_type=DSInt())
Traceback (most recent call last):
  File "C:\Users\katha\Documents\Studium\Master\MASTER_THESIS\research\approach3\tryout_playground\Translator\Objects\CodeBlock.py", line 72, in execute_block
    self.execute_block_annassign(stmt, loop_scope)
  File "C:\Users\katha\Documents\Studium\Master\MASTER_THESIS\research\approach3\tryout_playground\Translator\Objects\CodeBlock.py", line 613, in execute_block_annassign
    self.execute_block_assign(stmt.target, stmt.value, loop_scope)
  File "C:\Users\katha\Documents\Studium\Master\MASTER_THESIS\research\approach3\tryout_playground\Translator\Objects\CodeBlock.py", line 124, in execute_block_assign
    rhs_expr = ExpressionRewriter(loop_scope, code_block=self).rewrite_expr(rhs)
               ^^^^^^^^^^^^^^^^^^^^^^^^^^^^^^^^^^^^^^^^^^^^^^^^^^^^^^^^^^^^^^^^^
  File "C:\Users\katha\Documents\Studium\Master\MASTER_THESIS\research\approach3\tryout_playground\Translator\Tools.py", line 192, in rewrite_expr
    raise ValueError(f"DS-type constructor should not appear in expressions: {expr}")
ValueError: DS-type constructor should not appear in expressions: <ast.Call object at 0x00000187C37FE190>

The above exception was the direct cause of the following exception:

Traceback (most recent call last):
  File "C:\Users\katha\Documents\Studium\Master\MASTER_THESIS\research\approach3\tryout_playground\structures_utils.py", line 330, in check_executability
    model = MiniZincTranslator(variable_block).unroll_translation()
            ^^^^^^^^^^^^^^^^^^^^^^^^^^^^^^^^^^^^^^^^^^^^^^^^^^^^^^^
  File "C:\Users\katha\Documents\Studium\Master\MASTER_THESIS\research\approach3\tryout_playground\Translator\Objects\MiniZincTranslator.py", line 28, in unroll_translation
    return self.compile()
           ^^^^^^^^^^^^^^
  File "C:\Users\katha\Documents\Studium\Master\MASTER_THESIS\research\approach3\tryout_playground\Translator\Objects\MiniZincTranslator.py", line 87, in compile
    block.run(self.top_level_stmts, loop_scope={})
  File "C:\Users\katha\Documents\Studium\Master\MASTER_THESIS\research\approach3\tryout_playground\Translator\Objects\CodeBlock.py", line 43, in run
    self.execute_block(block, {} if loop_scope is None else loop_scope)
  File "C:\Users\katha\Documents\Studium\Master\MASTER_THESIS\research\approach3\tryout_playground\Translator\Objects\CodeBlock.py", line 96, in execute_block
    raise Exception(f"Error processing statement: {ast.unparse(stmt)}") from e
Exception: Error processing statement: box_areas: DSList(length=6, elem_type=DSInt()) = DSList(length=6, elem_type=DSInt())
Checking node created for level 4 not executable: ValueError - DS-type constructor should not appear in expressions: <ast.Call object at 0x00000187C37FE190>, occurring at: box_areas: DSList(length=6, elem_type=DSInt()) = DSList(length=6, elem_type=DSInt())


input tokens: 3212
output tokens: 69
total tokens: 3281
Swaping from qwen.qwen3-coder-480b-a35b-v1:0 to qwen.qwen3-coder-30b-a3b-v1:0.
Checking node created for level 4 not executable: Constraints/Objective FormatError

Checking node created for level 4 not executable: Semantic error - result does not represent the given subproblem.

Checking node created for level 4:
# --- Auxiliary Variables ---
box_areas: DSList(length=6, elem_type=DSInt()) = DSList(length=6, elem_type=DSInt())
for b in range(1, 7):
    box_areas[b] = 0
# --- constraints ---
 encountered
*** Constraints:
# --- Auxiliary Variables ---
# No auxiliary variables needed at root level
# --- constraints ---
def place_items_in_boxes(items: DSList(length=6, elem_type=Item), assignments: DSList(length=6, elem_type=ItemBoxAssignment), positions: DSList(length=6, elem_type=XYPosition), nr_boxes: DSInt()) -> None:
    # Each item must be assigned to exactly one box
    for i in range(1, N_ITEMS + 1):
        assignment : ItemBoxAssignment = assignments[i]
        assert assignment.item_index == i
        assert assignment.box_index >= 1
        assert assignment.box_index <= nr_boxes

    # Each item must have a valid position within its box
    for i in range(1, N_ITEMS + 1):
        assignment : ItemBoxAssignment = assignments[i]
        position : XYPosition = positions[i]
        item : Item = items[i]

        assert position.item_index == i

        # Position within box constraints
        assert position.x >= 1
        assert position.x + item.width - 1 <= BOX_WIDTH
        assert position.y >= 1
        assert position.y + item.height - 1 <= BOX_HEIGHT

# Call the function with appropriate arguments
place_items_in_boxes(ITEMS, item_box_assignment, x_y_positions, nr_used_boxes)

Sending feedback for a partial job well done.
*** Constraints:
# --- Auxiliary Variables ---
# No auxiliary variables needed at root level
# --- constraints ---
def ensure_no_overlap(items: DSList(length=6, elem_type=Item), assignments: DSList(length=6, elem_type=ItemBoxAssignment), positions: DSList(length=6, elem_type=XYPosition), nr_boxes: DSInt()) -> None:
    # Ensure no overlapping items within the same box
    for i in range(1, N_ITEMS + 1):
        for j in range(i + 1, N_ITEMS + 1):
            assignment_i : ItemBoxAssignment = assignments[i]
            assignment_j : ItemBoxAssignment = assignments[j]

            # Only check if items are in the same box
            if assignment_i.box_index == assignment_j.box_index:
                pos_i : XYPosition = positions[i]
                pos_j : XYPosition = positions[j]
                item_i : Item = items[i]
                item_j : Item = items[j]

                # Check for overlap in x-direction
                assert not ((pos_i.x <= pos_j.x + item_j.width - 1) and (pos_j.x <= pos_i.x + item_i.width - 1))

                # Check for overlap in y-direction
                assert not ((pos_i.y <= pos_j.y + item_j.height - 1) and (pos_j.y <= pos_i.y + item_i.height - 1))

# Call the function with appropriate arguments
ensure_no_overlap(ITEMS, item_box_assignment, x_y_positions, nr_used_boxes)

Sending feedback for a partial job well done.
*** Constraints:
# --- Auxiliary Variables ---
# No auxiliary variables needed at root level
# --- constraints ---
def ensure_single_box_assignment(assignments: DSList(length=6, elem_type=ItemBoxAssignment)) -> None:
    # Each item must be assigned to exactly one box
    for i in range(1, N_ITEMS + 1):
        assignment : ItemBoxAssignment = assignments[i]
        assert assignment.item_index == i
        assert assignment.box_index >= 1

def validate_positions(items: DSList(length=6, elem_type=Item), assignments: DSList(length=6, elem_type=ItemBoxAssignment), positions: DSList(length=6, elem_type=XYPosition)) -> None:
    # Each item must have a valid position within its box
    for i in range(1, N_ITEMS + 1):
        assignment : ItemBoxAssignment = assignments[i]
        position : XYPosition = positions[i]
        item : Item = items[i]

        assert position.item_index == i

        # Position within box constraints
        assert position.x >= 1
        assert position.x + item.width - 1 <= BOX_WIDTH
        assert position.y >= 1
        assert position.y + item.height - 1 <= BOX_HEIGHT

def check_no_overlap(items: DSList(length=6, elem_type=Item), assignments: DSList(length=6, elem_type=ItemBoxAssignment), positions: DSList(length=6, elem_type=XYPosition)) -> None:
    # Ensure no overlapping items within the same box
    for i in range(1, N_ITEMS + 1):
        for j in range(i + 1, N_ITEMS + 1):
            assignment_i : ItemBoxAssignment = assignments[i]
            assignment_j : ItemBoxAssignment = assignments[j]

            # Only check if items are in the same box
            if assignment_i.box_index == assignment_j.box_index:
                pos_i : XYPosition = positions[i]
                pos_j : XYPosition = positions[j]
                item_i : Item = items[i]
                item_j : Item = items[j]

                # Check for overlap in x-direction
                assert not ((pos_i.x <= pos_j.x + item_j.width - 1) and (pos_j.x <= pos_i.x + item_i.width - 1))

                # Check for overlap in y-direction
                assert not ((pos_i.y <= pos_j.y + item_j.height - 1) and (pos_j.y <= pos_i.y + item_i.height - 1))

# Call the functions with appropriate arguments
ensure_single_box_assignment(item_box_assignment)
validate_positions(ITEMS, item_box_assignment, x_y_positions)
check_no_overlap(ITEMS, item_box_assignment, x_y_positions)

Sending feedback for a partial job well done.
Full formulation:


# -- Objects --


Item = DSRecord({
    "width": DSInt(),
    "height": DSInt()
})

ItemBoxAssignment = DSRecord({
    "item_index": DSInt(),
    "box_index": DSInt()
})

XYPosition = DSRecord({
    "item_index": DSInt(),
    "x": DSInt(),
    "y": DSInt()
})



# --- Constants ---
BOX_HEIGHT : int = 6
BOX_WIDTH : int = 10
ITEM1 : Item = {"width": 4, "height": 3}
ITEM2 : Item = {"width": 3, "height": 2}
ITEM3 : Item = {"width": 5, "height": 3}
ITEM4 : Item = {"width": 2, "height": 4}
ITEM5 : Item = {"width": 3, "height": 3}
ITEM6 : Item = {"width": 5, "height": 2}
ITEMS : DSList(length=6, elem_type=Item) = [ITEM1, ITEM2, ITEM3, ITEM4, ITEM5, ITEM6]
nr_used_boxes : DSInt()
item_box_assignment : DSList(length=6, elem_type=ItemBoxAssignment)
x_y_positions : DSList(length=6, elem_type=XYPosition)
N_ITEMS : int = 6
N_item_box_assignment : int = 6
N_x_y_positions : int = 6


# -- Objective --


# --- objective ---
def calculate_objective(assignments: DSList(length=6, elem_type=ItemBoxAssignment)) -> DSInt():
    max_box_index : DSInt() = 0
    for i in range(1, N_ITEMS + 1):
        assignment : ItemBoxAssignment = assignments[i]
        if assignment.box_index > max_box_index:
            max_box_index = assignment.box_index
    return max_box_index

max_used_box_index : DSInt() = calculate_objective(item_box_assignment)
assert objective == max_used_box_index

# -- Constraints --


# --- Auxiliary Variables ---
# No auxiliary variables needed at root level
# --- constraints ---
def place_items_in_boxes(items: DSList(length=6, elem_type=Item), assignments: DSList(length=6, elem_type=ItemBoxAssignment), positions: DSList(length=6, elem_type=XYPosition), nr_boxes: DSInt()) -> None:
    # Each item must be assigned to exactly one box
    for i in range(1, N_ITEMS + 1):
        assignment : ItemBoxAssignment = assignments[i]
        assert assignment.item_index == i
        assert assignment.box_index >= 1
        assert assignment.box_index <= nr_boxes

    # Each item must have a valid position within its box
    for i in range(1, N_ITEMS + 1):
        assignment : ItemBoxAssignment = assignments[i]
        position : XYPosition = positions[i]
        item : Item = items[i]

        assert position.item_index == i

        # Position within box constraints
        assert position.x >= 1
        assert position.x + item.width - 1 <= BOX_WIDTH
        assert position.y >= 1
        assert position.y + item.height - 1 <= BOX_HEIGHT

# Call the function with appropriate arguments
place_items_in_boxes(ITEMS, item_box_assignment, x_y_positions, nr_used_boxes)

# --- Auxiliary Variables ---
# No auxiliary variables needed at root level
# --- constraints ---
def ensure_no_overlap(items: DSList(length=6, elem_type=Item), assignments: DSList(length=6, elem_type=ItemBoxAssignment), positions: DSList(length=6, elem_type=XYPosition), nr_boxes: DSInt()) -> None:
    # Ensure no overlapping items within the same box
    for i in range(1, N_ITEMS + 1):
        for j in range(i + 1, N_ITEMS + 1):
            assignment_i : ItemBoxAssignment = assignments[i]
            assignment_j : ItemBoxAssignment = assignments[j]

            # Only check if items are in the same box
            if assignment_i.box_index == assignment_j.box_index:
                pos_i : XYPosition = positions[i]
                pos_j : XYPosition = positions[j]
                item_i : Item = items[i]
                item_j : Item = items[j]

                # Check for overlap in x-direction
                assert not ((pos_i.x <= pos_j.x + item_j.width - 1) and (pos_j.x <= pos_i.x + item_i.width - 1))

                # Check for overlap in y-direction
                assert not ((pos_i.y <= pos_j.y + item_j.height - 1) and (pos_j.y <= pos_i.y + item_i.height - 1))

# Call the function with appropriate arguments
ensure_no_overlap(ITEMS, item_box_assignment, x_y_positions, nr_used_boxes)

# --- Auxiliary Variables ---
# No auxiliary variables needed at root level
# --- constraints ---
def ensure_single_box_assignment(assignments: DSList(length=6, elem_type=ItemBoxAssignment)) -> None:
    # Each item must be assigned to exactly one box
    for i in range(1, N_ITEMS + 1):
        assignment : ItemBoxAssignment = assignments[i]
        assert assignment.item_index == i
        assert assignment.box_index >= 1

def validate_positions(items: DSList(length=6, elem_type=Item), assignments: DSList(length=6, elem_type=ItemBoxAssignment), positions: DSList(length=6, elem_type=XYPosition)) -> None:
    # Each item must have a valid position within its box
    for i in range(1, N_ITEMS + 1):
        assignment : ItemBoxAssignment = assignments[i]
        position : XYPosition = positions[i]
        item : Item = items[i]

        assert position.item_index == i

        # Position within box constraints
        assert position.x >= 1
        assert position.x + item.width - 1 <= BOX_WIDTH
        assert position.y >= 1
        assert position.y + item.height - 1 <= BOX_HEIGHT

def check_no_overlap(items: DSList(length=6, elem_type=Item), assignments: DSList(length=6, elem_type=ItemBoxAssignment), positions: DSList(length=6, elem_type=XYPosition)) -> None:
    # Ensure no overlapping items within the same box
    for i in range(1, N_ITEMS + 1):
        for j in range(i + 1, N_ITEMS + 1):
            assignment_i : ItemBoxAssignment = assignments[i]
            assignment_j : ItemBoxAssignment = assignments[j]

            # Only check if items are in the same box
            if assignment_i.box_index == assignment_j.box_index:
                pos_i : XYPosition = positions[i]
                pos_j : XYPosition = positions[j]
                item_i : Item = items[i]
                item_j : Item = items[j]

                # Check for overlap in x-direction
                assert not ((pos_i.x <= pos_j.x + item_j.width - 1) and (pos_j.x <= pos_i.x + item_i.width - 1))

                # Check for overlap in y-direction
                assert not ((pos_i.y <= pos_j.y + item_j.height - 1) and (pos_j.y <= pos_i.y + item_i.height - 1))

# Call the functions with appropriate arguments
ensure_single_box_assignment(item_box_assignment)
validate_positions(ITEMS, item_box_assignment, x_y_positions)
check_no_overlap(ITEMS, item_box_assignment, x_y_positions)
**************************
Total failed steps: 0
**************************
----------------------------------------------------------------------------
----------------------------------------------------------------------------
    Starting run 1:
input tokens: 3087
output tokens: 54
total tokens: 3141
*** Response, global problem/datatypes:
Item = DSRecord({
    "width": DSInt(),
    "height": DSInt()
})

ItemAssignment = DSRecord({
    "box_id": DSInt(),
    "x": DSInt(),
    "y": DSInt()
})


input tokens: 2898
output tokens: 287
total tokens: 3185
*** Response, constants: [
    {
        "description": "Height of the box",
        "variable_name": "BOX_HEIGHT",
        "type": "int",
        "initialization": "BOX_HEIGHT : int = 6"
    },
    {
        "description": "Width of the box",
        "variable_name": "BOX_WIDTH",
        "type": "int",
        "initialization": "BOX_WIDTH : int = 10"
    },
    {
        "description": "List of items with their dimensions",
        "variable_name": "ITEMS",
        "type": "DSList(length=6, elem_type=Item)",
        "initialization": "ITEM1 : Item = {\"width\": 4, \"height\": 3}\nITEM2 : Item = {\"width\": 3, \"height\": 2}\nITEM3 : Item = {\"width\": 5, \"height\": 3}\nITEM4 : Item = {\"width\": 2, \"height\": 4}\nITEM5 : Item = {\"width\": 3, \"height\": 3}\nITEM6 : Item = {\"width\": 5, \"height\": 2}\nITEMS : DSList(length=6, elem_type=Item) = [ITEM1, ITEM2, ITEM3, ITEM4, ITEM5, ITEM6]"
    }
]

input tokens: 3113
output tokens: 193
total tokens: 3306
*** Response (decision) variables: [
    {
        "description": "Number of boxes used to pack all items, minimized as objective",
        "variable_name": "nr_used_boxes",
        "type": "DSInt()",
        "initialization": "nr_used_boxes : DSInt()"
    },
    {
        "description": "Assignment of each item to a box",
        "variable_name": "item_box_assignment",
        "type": "DSList(length=6, elem_type=ItemAssignment)",
        "initialization": "item_box_assignment : DSList(length=6, elem_type=ItemAssignment)"
    },
    {
        "description": "X and Y positions of each item within its assigned box",
        "variable_name": "x_y_positions",
        "type": "DSList(length=6, elem_type=ItemAssignment)",
        "initialization": "x_y_positions : DSList(length=6, elem_type=ItemAssignment)"
    }
]

input tokens: 2989
output tokens: 119
total tokens: 3108
Error processing statement: for i in range(1, N_item_box_assignment + 1):
    assignment: ItemAssignment = item_box_assignment[i]
    if assignment.box_id > max_box_id:
        max_box_id = assignment.box_id
Traceback (most recent call last):
  File "C:\Users\katha\Documents\Studium\Master\MASTER_THESIS\research\approach3\tryout_playground\Translator\Objects\CodeBlock.py", line 63, in execute_block
    self.execute_block_for(stmt, loop_scope)
  File "C:\Users\katha\Documents\Studium\Master\MASTER_THESIS\research\approach3\tryout_playground\Translator\Objects\CodeBlock.py", line 342, in execute_block_for
    iter_values, loop_vars = self._resolve_range_iter(stmt, loop_scope)
                             ^^^^^^^^^^^^^^^^^^^^^^^^^^^^^^^^^^^^^^^^^^
  File "C:\Users\katha\Documents\Studium\Master\MASTER_THESIS\research\approach3\tryout_playground\Translator\Objects\CodeBlock.py", line 420, in _resolve_range_iter
    end_val = ExpressionRewriter(loop_scope, code_block=self).get_expr_value(end_node)
              ^^^^^^^^^^^^^^^^^^^^^^^^^^^^^^^^^^^^^^^^^^^^^^^^^^^^^^^^^^^^^^^^^^^^^^^^
  File "C:\Users\katha\Documents\Studium\Master\MASTER_THESIS\research\approach3\tryout_playground\Translator\Tools.py", line 29, in get_expr_value
    string_expr = self.rewrite_expr(expr)
                  ^^^^^^^^^^^^^^^^^^^^^^^
  File "C:\Users\katha\Documents\Studium\Master\MASTER_THESIS\research\approach3\tryout_playground\Translator\Tools.py", line 44, in rewrite_expr
    left = self.rewrite_expr(expr.left)
           ^^^^^^^^^^^^^^^^^^^^^^^^^^^^
  File "C:\Users\katha\Documents\Studium\Master\MASTER_THESIS\research\approach3\tryout_playground\Translator\Tools.py", line 110, in rewrite_expr
    return self.variable_table[name].versioned_name()
           ~~~~~~~~~~~~~~~~~~~^^^^^^
KeyError: 'N_item_box_assignment'

The above exception was the direct cause of the following exception:

Traceback (most recent call last):
  File "C:\Users\katha\Documents\Studium\Master\MASTER_THESIS\research\approach3\tryout_playground\structures_utils.py", line 330, in check_executability
    model = MiniZincTranslator(variable_block).unroll_translation()
            ^^^^^^^^^^^^^^^^^^^^^^^^^^^^^^^^^^^^^^^^^^^^^^^^^^^^^^^
  File "C:\Users\katha\Documents\Studium\Master\MASTER_THESIS\research\approach3\tryout_playground\Translator\Objects\MiniZincTranslator.py", line 27, in unroll_translation
    self.parse()
  File "C:\Users\katha\Documents\Studium\Master\MASTER_THESIS\research\approach3\tryout_playground\Translator\Objects\MiniZincTranslator.py", line 72, in parse
    pred = Predicate(node,
           ^^^^^^^^^^^^^^^
  File "C:\Users\katha\Documents\Studium\Master\MASTER_THESIS\research\approach3\tryout_playground\Translator\Objects\Predicate.py", line 37, in __init__
    self.run(func_body, loop_scope={})
  File "C:\Users\katha\Documents\Studium\Master\MASTER_THESIS\research\approach3\tryout_playground\Translator\Objects\CodeBlock.py", line 43, in run
    self.execute_block(block, {} if loop_scope is None else loop_scope)
  File "C:\Users\katha\Documents\Studium\Master\MASTER_THESIS\research\approach3\tryout_playground\Translator\Objects\CodeBlock.py", line 96, in execute_block
    raise Exception(f"Error processing statement: {ast.unparse(stmt)}") from e
Exception: Error processing statement: for i in range(1, N_item_box_assignment + 1):
    assignment: ItemAssignment = item_box_assignment[i]
    if assignment.box_id > max_box_id:
        max_box_id = assignment.box_id
Checking node created for level 3 not executable: KeyError - 'N_item_box_assignment', occurring at: for i in range(1, N_item_box_assignment + 1):
    assignment: ItemAssignment = item_box_assignment[i]
    if assignment.box_id > max_box_id:
        max_box_id = assignment.box_id


input tokens: 2820
output tokens: 118
total tokens: 2938
Sending feedback for a partial job well done.
input tokens: 454
output tokens: 1
total tokens: 455
*** Obj. function:
# --- objective ---
def calculate_objective(item_box_assignment: DSList(length=6, elem_type=ItemAssignment)) -> DSInt():
    max_box_id : DSInt() = 0
    for i in range(1, 6 + 1):
        assignment : ItemAssignment = item_box_assignment[i]
        if assignment.box_id > max_box_id:
            max_box_id = assignment.box_id
    return max_box_id

max_box_used : DSInt() = calculate_objective(item_box_assignment)
assert objective == max_box_used

Sending feedback for a partial job well done.
input tokens: 454
output tokens: 1
total tokens: 455
input tokens: 3255
output tokens: 185
total tokens: 3440
*** Constraints:
# --- Auxiliary Variables ---
# Leave empty, if not required.
# --- constraints ---
def items_fit_exactly_in_box(
    items: DSList(length=6, elem_type=Item),
    item_box_assignment: DSList(length=6, elem_type=ItemAssignment),
    box_width: int,
    box_height: int
):
    for i in range(1, 6 + 1):
        item: Item = items[i]
        assignment: ItemAssignment = item_box_assignment[i]

        # Ensure item fits within box dimensions
        assert assignment.x + item.width <= box_width
        assert assignment.y + item.height <= box_height

        # Ensure item is placed within positive coordinates
        assert assignment.x >= 0
        assert assignment.y >= 0

items_fit_exactly_in_box(ITEMS, item_box_assignment, BOX_WIDTH, BOX_HEIGHT)

Sending feedback for a partial job well done.
input tokens: 639
output tokens: 1
total tokens: 640
input tokens: 3428
output tokens: 279
total tokens: 3707
*** Constraints:
# --- Auxiliary Variables ---
# Leave empty, if not required.
# --- constraints ---
def no_overlap(
    items: DSList(length=6, elem_type=Item),
    item_box_assignment: DSList(length=6, elem_type=ItemAssignment)
):
    for i in range(1, 6 + 1):
        for j in range(i + 1, 6 + 1):
            assignment_i: ItemAssignment = item_box_assignment[i]
            assignment_j: ItemAssignment = item_box_assignment[j]
            item_i: Item = items[i]
            item_j: Item = items[j]

            # Check if both items are in the same box
            if assignment_i.box_id == assignment_j.box_id:
                # Check for non-overlapping on x-axis
                x_not_overlap: bool = (assignment_i.x + item_i.width <= assignment_j.x) or (assignment_j.x + item_j.width <= assignment_i.x)

                # Check for non-overlapping on y-axis
                y_not_overlap: bool = (assignment_i.y + item_i.height <= assignment_j.y) or (assignment_j.y + item_j.height <= assignment_i.y)

                # Assert that at least one axis does not overlap
                assert x_not_overlap or y_not_overlap

no_overlap(ITEMS, item_box_assignment)

Sending feedback for a partial job well done.
input tokens: 913
output tokens: 1
total tokens: 914
input tokens: 3706
output tokens: 106
total tokens: 3812
*** Constraints:
# --- Auxiliary Variables ---
# Leave empty, if not required.
# --- constraints ---
def each_item_in_one_box(
    item_box_assignment: DSList(length=6, elem_type=ItemAssignment)
):
    for i in range(1, 6 + 1):
        assignment: ItemAssignment = item_box_assignment[i]
        # Ensure each item is assigned to exactly one box (positive box id)
        assert assignment.box_id >= 1

each_item_in_one_box(item_box_assignment)

Sending feedback for a partial job well done.
input tokens: 1014
output tokens: 1
total tokens: 1015
Full formulation:


# -- Objects --


Item = DSRecord({
    "width": DSInt(),
    "height": DSInt()
})

ItemAssignment = DSRecord({
    "box_id": DSInt(),
    "x": DSInt(),
    "y": DSInt()
})



# --- Constants ---
BOX_HEIGHT : int = 6
BOX_WIDTH : int = 10
ITEM1 : Item = {"width": 4, "height": 3}
ITEM2 : Item = {"width": 3, "height": 2}
ITEM3 : Item = {"width": 5, "height": 3}
ITEM4 : Item = {"width": 2, "height": 4}
ITEM5 : Item = {"width": 3, "height": 3}
ITEM6 : Item = {"width": 5, "height": 2}
ITEMS : DSList(length=6, elem_type=Item) = [ITEM1, ITEM2, ITEM3, ITEM4, ITEM5, ITEM6]
nr_used_boxes : DSInt()
item_box_assignment : DSList(length=6, elem_type=ItemAssignment)
x_y_positions : DSList(length=6, elem_type=ItemAssignment)
N_ITEMS : int = 6
N_item_box_assignment : int = 6
N_x_y_positions : int = 6


# -- Objective --


# --- objective ---
def calculate_objective(item_box_assignment: DSList(length=6, elem_type=ItemAssignment)) -> DSInt():
    max_box_id : DSInt() = 0
    for i in range(1, 6 + 1):
        assignment : ItemAssignment = item_box_assignment[i]
        if assignment.box_id > max_box_id:
            max_box_id = assignment.box_id
    return max_box_id

max_box_used : DSInt() = calculate_objective(item_box_assignment)
assert objective == max_box_used

# -- Constraints --


# --- Auxiliary Variables ---
# Leave empty, if not required.
# --- constraints ---
def items_fit_exactly_in_box(
    items: DSList(length=6, elem_type=Item),
    item_box_assignment: DSList(length=6, elem_type=ItemAssignment),
    box_width: int,
    box_height: int
):
    for i in range(1, 6 + 1):
        item: Item = items[i]
        assignment: ItemAssignment = item_box_assignment[i]

        # Ensure item fits within box dimensions
        assert assignment.x + item.width <= box_width
        assert assignment.y + item.height <= box_height

        # Ensure item is placed within positive coordinates
        assert assignment.x >= 0
        assert assignment.y >= 0

items_fit_exactly_in_box(ITEMS, item_box_assignment, BOX_WIDTH, BOX_HEIGHT)

# --- Auxiliary Variables ---
# Leave empty, if not required.
# --- constraints ---
def no_overlap(
    items: DSList(length=6, elem_type=Item),
    item_box_assignment: DSList(length=6, elem_type=ItemAssignment)
):
    for i in range(1, 6 + 1):
        for j in range(i + 1, 6 + 1):
            assignment_i: ItemAssignment = item_box_assignment[i]
            assignment_j: ItemAssignment = item_box_assignment[j]
            item_i: Item = items[i]
            item_j: Item = items[j]

            # Check if both items are in the same box
            if assignment_i.box_id == assignment_j.box_id:
                # Check for non-overlapping on x-axis
                x_not_overlap: bool = (assignment_i.x + item_i.width <= assignment_j.x) or (assignment_j.x + item_j.width <= assignment_i.x)

                # Check for non-overlapping on y-axis
                y_not_overlap: bool = (assignment_i.y + item_i.height <= assignment_j.y) or (assignment_j.y + item_j.height <= assignment_i.y)

                # Assert that at least one axis does not overlap
                assert x_not_overlap or y_not_overlap

no_overlap(ITEMS, item_box_assignment)

# --- Auxiliary Variables ---
# Leave empty, if not required.
# --- constraints ---
def each_item_in_one_box(
    item_box_assignment: DSList(length=6, elem_type=ItemAssignment)
):
    for i in range(1, 6 + 1):
        assignment: ItemAssignment = item_box_assignment[i]
        # Ensure each item is assigned to exactly one box (positive box id)
        assert assignment.box_id >= 1

each_item_in_one_box(item_box_assignment)
**************************
Total failed steps: 0
**************************
----------------------------------------------------------------------------
----------------------------------------------------------------------------
    Starting run 2:
input tokens: 3087
output tokens: 54
total tokens: 3141
*** Response, global problem/datatypes:
Item = DSRecord({
    "width": DSInt(),
    "height": DSInt()
})

BoxAssignment = DSRecord({
    "box_id": DSInt(),
    "x": DSInt(),
    "y": DSInt()
})


input tokens: 2898
output tokens: 287
total tokens: 3185
*** Response, constants: [
    {
        "description": "Height of the box",
        "variable_name": "BOX_HEIGHT",
        "type": "int",
        "initialization": "BOX_HEIGHT : int = 6"
    },
    {
        "description": "Width of the box",
        "variable_name": "BOX_WIDTH",
        "type": "int",
        "initialization": "BOX_WIDTH : int = 10"
    },
    {
        "description": "List of items with their dimensions",
        "variable_name": "ITEMS",
        "type": "DSList(length=6, elem_type=Item)",
        "initialization": "ITEM1 : Item = {\"width\": 4, \"height\": 3}\nITEM2 : Item = {\"width\": 3, \"height\": 2}\nITEM3 : Item = {\"width\": 5, \"height\": 3}\nITEM4 : Item = {\"width\": 2, \"height\": 4}\nITEM5 : Item = {\"width\": 3, \"height\": 3}\nITEM6 : Item = {\"width\": 5, \"height\": 2}\nITEMS : DSList(length=6, elem_type=Item) = [ITEM1, ITEM2, ITEM3, ITEM4, ITEM5, ITEM6]"
    }
]

input tokens: 3113
output tokens: 128
total tokens: 3241
*** Response (decision) variables: [
    {
        "description": "Number of boxes used to pack all items, minimized in the objective",
        "variable_name": "nr_used_boxes",
        "type": "DSInt",
        "initialization": "nr_used_boxes: DSInt()"
    },
    {
        "description": "Assignment of each item to a box including box id and position",
        "variable_name": "item_box_assignment",
        "type": "DSList(length=6, elem_type=BoxAssignment)",
        "initialization": "item_box_assignment: DSList(length=6, elem_type=BoxAssignment)"
    }
]

input tokens: 2963
output tokens: 112
total tokens: 3075
Error processing statement: for i in range(1, N_item_box_assignment + 1):
    assignment: BoxAssignment = assignments[i]
    if assignment.box_id > max_box_id:
        max_box_id = assignment.box_id
Traceback (most recent call last):
  File "C:\Users\katha\Documents\Studium\Master\MASTER_THESIS\research\approach3\tryout_playground\Translator\Objects\CodeBlock.py", line 63, in execute_block
    self.execute_block_for(stmt, loop_scope)
  File "C:\Users\katha\Documents\Studium\Master\MASTER_THESIS\research\approach3\tryout_playground\Translator\Objects\CodeBlock.py", line 342, in execute_block_for
    iter_values, loop_vars = self._resolve_range_iter(stmt, loop_scope)
                             ^^^^^^^^^^^^^^^^^^^^^^^^^^^^^^^^^^^^^^^^^^
  File "C:\Users\katha\Documents\Studium\Master\MASTER_THESIS\research\approach3\tryout_playground\Translator\Objects\CodeBlock.py", line 420, in _resolve_range_iter
    end_val = ExpressionRewriter(loop_scope, code_block=self).get_expr_value(end_node)
              ^^^^^^^^^^^^^^^^^^^^^^^^^^^^^^^^^^^^^^^^^^^^^^^^^^^^^^^^^^^^^^^^^^^^^^^^
  File "C:\Users\katha\Documents\Studium\Master\MASTER_THESIS\research\approach3\tryout_playground\Translator\Tools.py", line 29, in get_expr_value
    string_expr = self.rewrite_expr(expr)
                  ^^^^^^^^^^^^^^^^^^^^^^^
  File "C:\Users\katha\Documents\Studium\Master\MASTER_THESIS\research\approach3\tryout_playground\Translator\Tools.py", line 44, in rewrite_expr
    left = self.rewrite_expr(expr.left)
           ^^^^^^^^^^^^^^^^^^^^^^^^^^^^
  File "C:\Users\katha\Documents\Studium\Master\MASTER_THESIS\research\approach3\tryout_playground\Translator\Tools.py", line 110, in rewrite_expr
    return self.variable_table[name].versioned_name()
           ~~~~~~~~~~~~~~~~~~~^^^^^^
KeyError: 'N_item_box_assignment'

The above exception was the direct cause of the following exception:

Traceback (most recent call last):
  File "C:\Users\katha\Documents\Studium\Master\MASTER_THESIS\research\approach3\tryout_playground\structures_utils.py", line 330, in check_executability
    model = MiniZincTranslator(variable_block).unroll_translation()
            ^^^^^^^^^^^^^^^^^^^^^^^^^^^^^^^^^^^^^^^^^^^^^^^^^^^^^^^
  File "C:\Users\katha\Documents\Studium\Master\MASTER_THESIS\research\approach3\tryout_playground\Translator\Objects\MiniZincTranslator.py", line 27, in unroll_translation
    self.parse()
  File "C:\Users\katha\Documents\Studium\Master\MASTER_THESIS\research\approach3\tryout_playground\Translator\Objects\MiniZincTranslator.py", line 72, in parse
    pred = Predicate(node,
           ^^^^^^^^^^^^^^^
  File "C:\Users\katha\Documents\Studium\Master\MASTER_THESIS\research\approach3\tryout_playground\Translator\Objects\Predicate.py", line 37, in __init__
    self.run(func_body, loop_scope={})
  File "C:\Users\katha\Documents\Studium\Master\MASTER_THESIS\research\approach3\tryout_playground\Translator\Objects\CodeBlock.py", line 43, in run
    self.execute_block(block, {} if loop_scope is None else loop_scope)
  File "C:\Users\katha\Documents\Studium\Master\MASTER_THESIS\research\approach3\tryout_playground\Translator\Objects\CodeBlock.py", line 96, in execute_block
    raise Exception(f"Error processing statement: {ast.unparse(stmt)}") from e
Exception: Error processing statement: for i in range(1, N_item_box_assignment + 1):
    assignment: BoxAssignment = assignments[i]
    if assignment.box_id > max_box_id:
        max_box_id = assignment.box_id
Checking node created for level 3 not executable: KeyError - 'N_item_box_assignment', occurring at: for i in range(1, N_item_box_assignment + 1):
    assignment: BoxAssignment = assignments[i]
    if assignment.box_id > max_box_id:
        max_box_id = assignment.box_id


input tokens: 2785
output tokens: 111
total tokens: 2896
Sending feedback for a partial job well done.
input tokens: 421
output tokens: 1
total tokens: 422
*** Obj. function:
# --- objective ---
def calculate_objective(assignments: DSList(length=6, elem_type=BoxAssignment)) -> DSInt():
    max_box_id : DSInt() = 0
    for i in range(1, N_ITEMS + 1):
        assignment : BoxAssignment = assignments[i]
        if assignment.box_id > max_box_id:
            max_box_id = assignment.box_id
    return max_box_id

nr_used_boxes = calculate_objective(item_box_assignment)
assert objective == nr_used_boxes

Sending feedback for a partial job well done.
input tokens: 421
output tokens: 1
total tokens: 422
input tokens: 3222
output tokens: 118
total tokens: 3340
*** Constraints:
# --- Auxiliary Variables ---
# Leave empty, if not required.
# --- constraints ---
def fit_items_in_box(assignment: DSList(length=6, elem_type=BoxAssignment), items: DSList(length=6, elem_type=Item)):
    for i in range(1, N_ITEMS + 1):
        item : Item = items[i]
        box : BoxAssignment = assignment[i]
        assert box.x + item.width <= BOX_WIDTH
        assert box.y + item.height <= BOX_HEIGHT

fit_items_in_box(item_box_assignment, ITEMS)

Sending feedback for a partial job well done.
input tokens: 539
output tokens: 1
total tokens: 540
input tokens: 3328
output tokens: 265
total tokens: 3593
*** Constraints:
# --- Auxiliary Variables ---
# Leave empty, if not required.
# --- constraints ---
def no_overlap(assignment: DSList(length=6, elem_type=BoxAssignment), items: DSList(length=6, elem_type=Item)):
    for i in range(1, N_ITEMS + 1):
        for j in range(i + 1, N_ITEMS + 1):
            item_i : Item = items[i]
            item_j : Item = items[j]
            box_i : BoxAssignment = assignment[i]
            box_j : BoxAssignment = assignment[j]

            # Check if items are in the same box
            if box_i.box_id == box_j.box_id:
                # Check for non-overlapping on x-axis
                x_overlap : bool = not (box_i.x + item_i.width <= box_j.x or box_j.x + item_j.width <= box_i.x)
                # Check for non-overlapping on y-axis
                y_overlap : bool = not (box_i.y + item_i.height <= box_j.y or box_j.y + item_j.height <= box_i.y)

                # They must not overlap in both dimensions if in the same box
                assert not (x_overlap and y_overlap)

no_overlap(item_box_assignment, ITEMS)

Sending feedback for a partial job well done.
input tokens: 799
output tokens: 1
total tokens: 800
input tokens: 3592
output tokens: 84
total tokens: 3676
*** Constraints:
# --- Auxiliary Variables ---
# Leave empty, if not required.
# --- constraints ---
def ensure_one_box_per_item(assignment: DSList(length=6, elem_type=BoxAssignment)):
    for i in range(1, N_ITEMS + 1):
        box : BoxAssignment = assignment[i]
        assert box.box_id >= 1

ensure_one_box_per_item(item_box_assignment)

Sending feedback for a partial job well done.
input tokens: 878
output tokens: 1
total tokens: 879
Full formulation:


# -- Objects --


Item = DSRecord({
    "width": DSInt(),
    "height": DSInt()
})

BoxAssignment = DSRecord({
    "box_id": DSInt(),
    "x": DSInt(),
    "y": DSInt()
})



# --- Constants ---
BOX_HEIGHT : int = 6
BOX_WIDTH : int = 10
ITEM1 : Item = {"width": 4, "height": 3}
ITEM2 : Item = {"width": 3, "height": 2}
ITEM3 : Item = {"width": 5, "height": 3}
ITEM4 : Item = {"width": 2, "height": 4}
ITEM5 : Item = {"width": 3, "height": 3}
ITEM6 : Item = {"width": 5, "height": 2}
ITEMS : DSList(length=6, elem_type=Item) = [ITEM1, ITEM2, ITEM3, ITEM4, ITEM5, ITEM6]
nr_used_boxes: DSInt()
item_box_assignment: DSList(length=6, elem_type=BoxAssignment)
N_ITEMS : int = 6
N_item_box_assignment : int = 6


# -- Objective --


# --- objective ---
def calculate_objective(assignments: DSList(length=6, elem_type=BoxAssignment)) -> DSInt():
    max_box_id : DSInt() = 0
    for i in range(1, N_ITEMS + 1):
        assignment : BoxAssignment = assignments[i]
        if assignment.box_id > max_box_id:
            max_box_id = assignment.box_id
    return max_box_id

nr_used_boxes = calculate_objective(item_box_assignment)
assert objective == nr_used_boxes

# -- Constraints --


# --- Auxiliary Variables ---
# Leave empty, if not required.
# --- constraints ---
def fit_items_in_box(assignment: DSList(length=6, elem_type=BoxAssignment), items: DSList(length=6, elem_type=Item)):
    for i in range(1, N_ITEMS + 1):
        item : Item = items[i]
        box : BoxAssignment = assignment[i]
        assert box.x + item.width <= BOX_WIDTH
        assert box.y + item.height <= BOX_HEIGHT

fit_items_in_box(item_box_assignment, ITEMS)

# --- Auxiliary Variables ---
# Leave empty, if not required.
# --- constraints ---
def no_overlap(assignment: DSList(length=6, elem_type=BoxAssignment), items: DSList(length=6, elem_type=Item)):
    for i in range(1, N_ITEMS + 1):
        for j in range(i + 1, N_ITEMS + 1):
            item_i : Item = items[i]
            item_j : Item = items[j]
            box_i : BoxAssignment = assignment[i]
            box_j : BoxAssignment = assignment[j]

            # Check if items are in the same box
            if box_i.box_id == box_j.box_id:
                # Check for non-overlapping on x-axis
                x_overlap : bool = not (box_i.x + item_i.width <= box_j.x or box_j.x + item_j.width <= box_i.x)
                # Check for non-overlapping on y-axis
                y_overlap : bool = not (box_i.y + item_i.height <= box_j.y or box_j.y + item_j.height <= box_i.y)

                # They must not overlap in both dimensions if in the same box
                assert not (x_overlap and y_overlap)

no_overlap(item_box_assignment, ITEMS)

# --- Auxiliary Variables ---
# Leave empty, if not required.
# --- constraints ---
def ensure_one_box_per_item(assignment: DSList(length=6, elem_type=BoxAssignment)):
    for i in range(1, N_ITEMS + 1):
        box : BoxAssignment = assignment[i]
        assert box.box_id >= 1

ensure_one_box_per_item(item_box_assignment)
**************************
Total failed steps: 0
**************************
----------------------------------------------------------------------------
----------------------------------------------------------------------------
    Starting run 3:
input tokens: 3087
output tokens: 54
total tokens: 3141
*** Response, global problem/datatypes:
Item = DSRecord({
    "width": DSInt(),
    "height": DSInt()
})

BoxAssignment = DSRecord({
    "box_id": DSInt(),
    "x": DSInt(),
    "y": DSInt()
})


input tokens: 2898
output tokens: 287
total tokens: 3185
*** Response, constants: [
    {
        "description": "Height of the box",
        "variable_name": "BOX_HEIGHT",
        "type": "int",
        "initialization": "BOX_HEIGHT : int = 6"
    },
    {
        "description": "Width of the box",
        "variable_name": "BOX_WIDTH",
        "type": "int",
        "initialization": "BOX_WIDTH : int = 10"
    },
    {
        "description": "List of items with their dimensions",
        "variable_name": "ITEMS",
        "type": "DSList(length=6, elem_type=Item)",
        "initialization": "ITEM1 : Item = {\"width\": 4, \"height\": 3}\nITEM2 : Item = {\"width\": 3, \"height\": 2}\nITEM3 : Item = {\"width\": 5, \"height\": 3}\nITEM4 : Item = {\"width\": 2, \"height\": 4}\nITEM5 : Item = {\"width\": 3, \"height\": 3}\nITEM6 : Item = {\"width\": 5, \"height\": 2}\nITEMS : DSList(length=6, elem_type=Item) = [ITEM1, ITEM2, ITEM3, ITEM4, ITEM5, ITEM6]"
    }
]

input tokens: 3113
output tokens: 199
total tokens: 3312
*** Response (decision) variables: [
    {
        "description": "Number of boxes used to pack all items, minimized in the objective",
        "variable_name": "nr_used_boxes",
        "type": "DSInt()",
        "initialization": "nr_used_boxes : DSInt()"
    },
    {
        "description": "Assignment of each item to a box including box id and position",
        "variable_name": "item_box_assignment",
        "type": "DSList(length=6, elem_type=BoxAssignment)",
        "initialization": "item_box_assignment : DSList(length=6, elem_type=BoxAssignment)"
    },
    {
        "description": "X and Y positions of each item within its assigned box",
        "variable_name": "x_y_positions",
        "type": "DSList(length=6, elem_type=BoxAssignment)",
        "initialization": "x_y_positions : DSList(length=6, elem_type=BoxAssignment)"
    }
]

input tokens: 2989
output tokens: 117
total tokens: 3106
Sending feedback for a partial job well done.
input tokens: 454
output tokens: 1
total tokens: 455
*** Obj. function:
# --- objective ---
def calculate_objective(assignments: DSList(length=6, elem_type=BoxAssignment)) -> DSInt():
    max_box_id : DSInt() = 0
    for i in range(1, N_ITEMS + 1):
        box_id : DSInt() = assignments[i].box_id
        if box_id > max_box_id:
            max_box_id = box_id
    return max_box_id

temp_objective : DSInt() = calculate_objective(item_box_assignment)
assert objective == temp_objective

Sending feedback for a partial job well done.
input tokens: 454
output tokens: 1
total tokens: 455
input tokens: 3255
output tokens: 145
total tokens: 3400
*** Constraints:
# --- Auxiliary Variables ---
# Leave empty, if not required.
# --- constraints ---
def items_fit_exactly_in_box(
    items: DSList(length=6, elem_type=Item),
    assignments: DSList(length=6, elem_type=BoxAssignment),
    box_width: int,
    box_height: int
):
    for i in range(1, N_ITEMS + 1):
        item : Item = items[i]
        assignment : BoxAssignment = assignments[i]
        assert assignment.x + item.width <= box_width
        assert assignment.y + item.height <= box_height

items_fit_exactly_in_box(ITEMS, item_box_assignment, BOX_WIDTH, BOX_HEIGHT)

Sending feedback for a partial job well done.
input tokens: 599
output tokens: 1
total tokens: 600
input tokens: 3388
output tokens: 337
total tokens: 3725
*** Constraints:
# --- Auxiliary Variables ---
# Leave empty, if not required.
# --- constraints ---
def no_overlap(
    items: DSList(length=6, elem_type=Item),
    assignments: DSList(length=6, elem_type=BoxAssignment)
):
    for i in range(1, N_ITEMS + 1):
        for j in range(i + 1, N_ITEMS + 1):
            assignment_i : BoxAssignment = assignments[i]
            assignment_j : BoxAssignment = assignments[j]
            item_i : Item = items[i]
            item_j : Item = items[j]

            # Check if both items are in the same box
            same_box : DSBool() = assignment_i.box_id == assignment_j.box_id

            # Calculate boundaries for item i
            right_i : DSInt() = assignment_i.x + item_i.width
            top_i : DSInt() = assignment_i.y + item_i.height

            # Calculate boundaries for item j
            right_j : DSInt() = assignment_j.x + item_j.width
            top_j : DSInt() = assignment_j.y + item_j.height

            # Check for non-overlapping conditions
            no_overlap_x : DSBool() = (right_i <= assignment_j.x) or (right_j <= assignment_i.x)
            no_overlap_y : DSBool() = (top_i <= assignment_j.y) or (top_j <= assignment_i.y)

            # If in the same box, they must not overlap
            assert (not same_box) or (no_overlap_x or no_overlap_y)

no_overlap(ITEMS, item_box_assignment)

Sending feedback for a partial job well done.
input tokens: 931
output tokens: 1
total tokens: 932
input tokens: 3724
output tokens: 86
total tokens: 3810
*** Constraints:
# --- Auxiliary Variables ---
# Leave empty, if not required.
# --- constraints ---
def ensure_one_box_per_item(
    assignments: DSList(length=6, elem_type=BoxAssignment)
):
    for i in range(1, N_ITEMS + 1):
        assignment : BoxAssignment = assignments[i]
        assert assignment.box_id >= 1

ensure_one_box_per_item(item_box_assignment)

Sending feedback for a partial job well done.
input tokens: 1012
output tokens: 1
total tokens: 1013
Full formulation:


# -- Objects --


Item = DSRecord({
    "width": DSInt(),
    "height": DSInt()
})

BoxAssignment = DSRecord({
    "box_id": DSInt(),
    "x": DSInt(),
    "y": DSInt()
})



# --- Constants ---
BOX_HEIGHT : int = 6
BOX_WIDTH : int = 10
ITEM1 : Item = {"width": 4, "height": 3}
ITEM2 : Item = {"width": 3, "height": 2}
ITEM3 : Item = {"width": 5, "height": 3}
ITEM4 : Item = {"width": 2, "height": 4}
ITEM5 : Item = {"width": 3, "height": 3}
ITEM6 : Item = {"width": 5, "height": 2}
ITEMS : DSList(length=6, elem_type=Item) = [ITEM1, ITEM2, ITEM3, ITEM4, ITEM5, ITEM6]
nr_used_boxes : DSInt()
item_box_assignment : DSList(length=6, elem_type=BoxAssignment)
x_y_positions : DSList(length=6, elem_type=BoxAssignment)
N_ITEMS : int = 6
N_item_box_assignment : int = 6
N_x_y_positions : int = 6


# -- Objective --


# --- objective ---
def calculate_objective(assignments: DSList(length=6, elem_type=BoxAssignment)) -> DSInt():
    max_box_id : DSInt() = 0
    for i in range(1, N_ITEMS + 1):
        box_id : DSInt() = assignments[i].box_id
        if box_id > max_box_id:
            max_box_id = box_id
    return max_box_id

temp_objective : DSInt() = calculate_objective(item_box_assignment)
assert objective == temp_objective

# -- Constraints --


# --- Auxiliary Variables ---
# Leave empty, if not required.
# --- constraints ---
def items_fit_exactly_in_box(
    items: DSList(length=6, elem_type=Item),
    assignments: DSList(length=6, elem_type=BoxAssignment),
    box_width: int,
    box_height: int
):
    for i in range(1, N_ITEMS + 1):
        item : Item = items[i]
        assignment : BoxAssignment = assignments[i]
        assert assignment.x + item.width <= box_width
        assert assignment.y + item.height <= box_height

items_fit_exactly_in_box(ITEMS, item_box_assignment, BOX_WIDTH, BOX_HEIGHT)

# --- Auxiliary Variables ---
# Leave empty, if not required.
# --- constraints ---
def no_overlap(
    items: DSList(length=6, elem_type=Item),
    assignments: DSList(length=6, elem_type=BoxAssignment)
):
    for i in range(1, N_ITEMS + 1):
        for j in range(i + 1, N_ITEMS + 1):
            assignment_i : BoxAssignment = assignments[i]
            assignment_j : BoxAssignment = assignments[j]
            item_i : Item = items[i]
            item_j : Item = items[j]

            # Check if both items are in the same box
            same_box : DSBool() = assignment_i.box_id == assignment_j.box_id

            # Calculate boundaries for item i
            right_i : DSInt() = assignment_i.x + item_i.width
            top_i : DSInt() = assignment_i.y + item_i.height

            # Calculate boundaries for item j
            right_j : DSInt() = assignment_j.x + item_j.width
            top_j : DSInt() = assignment_j.y + item_j.height

            # Check for non-overlapping conditions
            no_overlap_x : DSBool() = (right_i <= assignment_j.x) or (right_j <= assignment_i.x)
            no_overlap_y : DSBool() = (top_i <= assignment_j.y) or (top_j <= assignment_i.y)

            # If in the same box, they must not overlap
            assert (not same_box) or (no_overlap_x or no_overlap_y)

no_overlap(ITEMS, item_box_assignment)

# --- Auxiliary Variables ---
# Leave empty, if not required.
# --- constraints ---
def ensure_one_box_per_item(
    assignments: DSList(length=6, elem_type=BoxAssignment)
):
    for i in range(1, N_ITEMS + 1):
        assignment : BoxAssignment = assignments[i]
        assert assignment.box_id >= 1

ensure_one_box_per_item(item_box_assignment)
**************************
Total failed steps: 0
**************************
----------------------------------------------------------------------------
----------------------------------------------------------------------------
    Starting run 4:
input tokens: 3087
output tokens: 54
total tokens: 3141
*** Response, global problem/datatypes:
Item = DSRecord({
    "width": DSInt(),
    "height": DSInt()
})

BoxAssignment = DSRecord({
    "box_id": DSInt(),
    "x": DSInt(),
    "y": DSInt()
})


input tokens: 2898
output tokens: 287
total tokens: 3185
*** Response, constants: [
    {
        "description": "Height of the box",
        "variable_name": "BOX_HEIGHT",
        "type": "int",
        "initialization": "BOX_HEIGHT : int = 6"
    },
    {
        "description": "Width of the box",
        "variable_name": "BOX_WIDTH",
        "type": "int",
        "initialization": "BOX_WIDTH : int = 10"
    },
    {
        "description": "List of items with their dimensions",
        "variable_name": "ITEMS",
        "type": "DSList(length=6, elem_type=Item)",
        "initialization": "ITEM1 : Item = {\"width\": 4, \"height\": 3}\nITEM2 : Item = {\"width\": 3, \"height\": 2}\nITEM3 : Item = {\"width\": 5, \"height\": 3}\nITEM4 : Item = {\"width\": 2, \"height\": 4}\nITEM5 : Item = {\"width\": 3, \"height\": 3}\nITEM6 : Item = {\"width\": 5, \"height\": 2}\nITEMS : DSList(length=6, elem_type=Item) = [ITEM1, ITEM2, ITEM3, ITEM4, ITEM5, ITEM6]"
    }
]

input tokens: 3113
output tokens: 127
total tokens: 3240
*** Response (decision) variables: [
    {
        "description": "Number of boxes used to pack all items, minimized in the objective",
        "variable_name": "nr_used_boxes",
        "type": "DSInt()",
        "initialization": "nr_used_boxes : DSInt()"
    },
    {
        "description": "Assignment of each item to a box including its position",
        "variable_name": "item_box_assignment",
        "type": "DSList(length=6, elem_type=BoxAssignment)",
        "initialization": "item_box_assignment : DSList(length=6, elem_type=BoxAssignment)"
    }
]

input tokens: 2963
output tokens: 119
total tokens: 3082
Error processing statement: for i in range(1, N_item_box_assignment + 1):
    assignment: BoxAssignment = item_box_assignment[i]
    if assignment.box_id > max_box_id:
        max_box_id = assignment.box_id
Traceback (most recent call last):
  File "C:\Users\katha\Documents\Studium\Master\MASTER_THESIS\research\approach3\tryout_playground\Translator\Objects\CodeBlock.py", line 63, in execute_block
    self.execute_block_for(stmt, loop_scope)
  File "C:\Users\katha\Documents\Studium\Master\MASTER_THESIS\research\approach3\tryout_playground\Translator\Objects\CodeBlock.py", line 342, in execute_block_for
    iter_values, loop_vars = self._resolve_range_iter(stmt, loop_scope)
                             ^^^^^^^^^^^^^^^^^^^^^^^^^^^^^^^^^^^^^^^^^^
  File "C:\Users\katha\Documents\Studium\Master\MASTER_THESIS\research\approach3\tryout_playground\Translator\Objects\CodeBlock.py", line 420, in _resolve_range_iter
    end_val = ExpressionRewriter(loop_scope, code_block=self).get_expr_value(end_node)
              ^^^^^^^^^^^^^^^^^^^^^^^^^^^^^^^^^^^^^^^^^^^^^^^^^^^^^^^^^^^^^^^^^^^^^^^^
  File "C:\Users\katha\Documents\Studium\Master\MASTER_THESIS\research\approach3\tryout_playground\Translator\Tools.py", line 29, in get_expr_value
    string_expr = self.rewrite_expr(expr)
                  ^^^^^^^^^^^^^^^^^^^^^^^
  File "C:\Users\katha\Documents\Studium\Master\MASTER_THESIS\research\approach3\tryout_playground\Translator\Tools.py", line 44, in rewrite_expr
    left = self.rewrite_expr(expr.left)
           ^^^^^^^^^^^^^^^^^^^^^^^^^^^^
  File "C:\Users\katha\Documents\Studium\Master\MASTER_THESIS\research\approach3\tryout_playground\Translator\Tools.py", line 110, in rewrite_expr
    return self.variable_table[name].versioned_name()
           ~~~~~~~~~~~~~~~~~~~^^^^^^
KeyError: 'N_item_box_assignment'

The above exception was the direct cause of the following exception:

Traceback (most recent call last):
  File "C:\Users\katha\Documents\Studium\Master\MASTER_THESIS\research\approach3\tryout_playground\structures_utils.py", line 330, in check_executability
    model = MiniZincTranslator(variable_block).unroll_translation()
            ^^^^^^^^^^^^^^^^^^^^^^^^^^^^^^^^^^^^^^^^^^^^^^^^^^^^^^^
  File "C:\Users\katha\Documents\Studium\Master\MASTER_THESIS\research\approach3\tryout_playground\Translator\Objects\MiniZincTranslator.py", line 27, in unroll_translation
    self.parse()
  File "C:\Users\katha\Documents\Studium\Master\MASTER_THESIS\research\approach3\tryout_playground\Translator\Objects\MiniZincTranslator.py", line 72, in parse
    pred = Predicate(node,
           ^^^^^^^^^^^^^^^
  File "C:\Users\katha\Documents\Studium\Master\MASTER_THESIS\research\approach3\tryout_playground\Translator\Objects\Predicate.py", line 37, in __init__
    self.run(func_body, loop_scope={})
  File "C:\Users\katha\Documents\Studium\Master\MASTER_THESIS\research\approach3\tryout_playground\Translator\Objects\CodeBlock.py", line 43, in run
    self.execute_block(block, {} if loop_scope is None else loop_scope)
  File "C:\Users\katha\Documents\Studium\Master\MASTER_THESIS\research\approach3\tryout_playground\Translator\Objects\CodeBlock.py", line 96, in execute_block
    raise Exception(f"Error processing statement: {ast.unparse(stmt)}") from e
Exception: Error processing statement: for i in range(1, N_item_box_assignment + 1):
    assignment: BoxAssignment = item_box_assignment[i]
    if assignment.box_id > max_box_id:
        max_box_id = assignment.box_id
Checking node created for level 3 not executable: KeyError - 'N_item_box_assignment', occurring at: for i in range(1, N_item_box_assignment + 1):
    assignment: BoxAssignment = item_box_assignment[i]
    if assignment.box_id > max_box_id:
        max_box_id = assignment.box_id


input tokens: 2794
output tokens: 118
total tokens: 2912
Sending feedback for a partial job well done.
input tokens: 428
output tokens: 1
total tokens: 429
*** Obj. function:
# --- objective ---
def calculate_objective(item_box_assignment: DSList(length=6, elem_type=BoxAssignment)) -> DSInt():
    max_box_id : DSInt() = 0
    for i in range(1, N_ITEMS + 1):
        assignment : BoxAssignment = item_box_assignment[i]
        if assignment.box_id > max_box_id:
            max_box_id = assignment.box_id
    return max_box_id

temp_objective : DSInt() = calculate_objective(item_box_assignment)
assert objective == temp_objective

Sending feedback for a partial job well done.
input tokens: 428
output tokens: 1
total tokens: 429
input tokens: 3229
output tokens: 149
total tokens: 3378
*** Constraints:
# --- Auxiliary Variables ---
# Leave empty, if not required.
# --- constraints ---
def items_fit_exactly_in_box(
    items: DSList(length=6, elem_type=Item),
    item_box_assignment: DSList(length=6, elem_type=BoxAssignment),
    box_width: int,
    box_height: int
):
    for i in range(1, N_ITEMS + 1):
        item : Item = items[i]
        assignment : BoxAssignment = item_box_assignment[i]
        assert assignment.x + item.width <= box_width
        assert assignment.y + item.height <= box_height

items_fit_exactly_in_box(ITEMS, item_box_assignment, BOX_WIDTH, BOX_HEIGHT)

Sending feedback for a partial job well done.
input tokens: 577
output tokens: 1
total tokens: 578
input tokens: 3366
output tokens: 272
total tokens: 3638
*** Constraints:
# --- Auxiliary Variables ---
# Leave empty, if not required.
# --- constraints ---
def no_overlap(
    item_box_assignment: DSList(length=6, elem_type=BoxAssignment),
    items: DSList(length=6, elem_type=Item)
):
    for i in range(1, N_ITEMS + 1):
        for j in range(i + 1, N_ITEMS + 1):
            assignment_i : BoxAssignment = item_box_assignment[i]
            assignment_j : BoxAssignment = item_box_assignment[j]
            item_i : Item = items[i]
            item_j : Item = items[j]

            # Check if items are in the same box
            same_box : bool = assignment_i.box_id == assignment_j.box_id

            # Check for non-overlapping conditions
            no_overlap_x : bool = (assignment_i.x + item_i.width <= assignment_j.x) or (assignment_j.x + item_j.width <= assignment_i.x)
            no_overlap_y : bool = (assignment_i.y + item_i.height <= assignment_j.y) or (assignment_j.y + item_j.height <= assignment_i.y)

            # If in the same box, they must not overlap
            assert not same_box or (no_overlap_x or no_overlap_y)

no_overlap(item_box_assignment, ITEMS)

Sending feedback for a partial job well done.
input tokens: 844
output tokens: 1
total tokens: 845
input tokens: 3637
output tokens: 143
total tokens: 3780
*** Constraints:
# --- Auxiliary Variables ---
# Leave empty, if not required.
# --- constraints ---
def items_exactly_one_box(
    item_box_assignment: DSList(length=6, elem_type=BoxAssignment),
    nr_used_boxes: DSInt()
):
    max_box_id : DSInt() = 0
    for i in range(1, N_ITEMS + 1):
        assignment : BoxAssignment = item_box_assignment[i]
        assert assignment.box_id >= 1
        if assignment.box_id > max_box_id:
            max_box_id = assignment.box_id
    assert max_box_id == nr_used_boxes

items_exactly_one_box(item_box_assignment, nr_used_boxes)

Sending feedback for a partial job well done.
input tokens: 982
output tokens: 1
total tokens: 983
Full formulation:


# -- Objects --


Item = DSRecord({
    "width": DSInt(),
    "height": DSInt()
})

BoxAssignment = DSRecord({
    "box_id": DSInt(),
    "x": DSInt(),
    "y": DSInt()
})



# --- Constants ---
BOX_HEIGHT : int = 6
BOX_WIDTH : int = 10
ITEM1 : Item = {"width": 4, "height": 3}
ITEM2 : Item = {"width": 3, "height": 2}
ITEM3 : Item = {"width": 5, "height": 3}
ITEM4 : Item = {"width": 2, "height": 4}
ITEM5 : Item = {"width": 3, "height": 3}
ITEM6 : Item = {"width": 5, "height": 2}
ITEMS : DSList(length=6, elem_type=Item) = [ITEM1, ITEM2, ITEM3, ITEM4, ITEM5, ITEM6]
nr_used_boxes : DSInt()
item_box_assignment : DSList(length=6, elem_type=BoxAssignment)
N_ITEMS : int = 6
N_item_box_assignment : int = 6


# -- Objective --


# --- objective ---
def calculate_objective(item_box_assignment: DSList(length=6, elem_type=BoxAssignment)) -> DSInt():
    max_box_id : DSInt() = 0
    for i in range(1, N_ITEMS + 1):
        assignment : BoxAssignment = item_box_assignment[i]
        if assignment.box_id > max_box_id:
            max_box_id = assignment.box_id
    return max_box_id

temp_objective : DSInt() = calculate_objective(item_box_assignment)
assert objective == temp_objective

# -- Constraints --


# --- Auxiliary Variables ---
# Leave empty, if not required.
# --- constraints ---
def items_fit_exactly_in_box(
    items: DSList(length=6, elem_type=Item),
    item_box_assignment: DSList(length=6, elem_type=BoxAssignment),
    box_width: int,
    box_height: int
):
    for i in range(1, N_ITEMS + 1):
        item : Item = items[i]
        assignment : BoxAssignment = item_box_assignment[i]
        assert assignment.x + item.width <= box_width
        assert assignment.y + item.height <= box_height

items_fit_exactly_in_box(ITEMS, item_box_assignment, BOX_WIDTH, BOX_HEIGHT)

# --- Auxiliary Variables ---
# Leave empty, if not required.
# --- constraints ---
def no_overlap(
    item_box_assignment: DSList(length=6, elem_type=BoxAssignment),
    items: DSList(length=6, elem_type=Item)
):
    for i in range(1, N_ITEMS + 1):
        for j in range(i + 1, N_ITEMS + 1):
            assignment_i : BoxAssignment = item_box_assignment[i]
            assignment_j : BoxAssignment = item_box_assignment[j]
            item_i : Item = items[i]
            item_j : Item = items[j]

            # Check if items are in the same box
            same_box : bool = assignment_i.box_id == assignment_j.box_id

            # Check for non-overlapping conditions
            no_overlap_x : bool = (assignment_i.x + item_i.width <= assignment_j.x) or (assignment_j.x + item_j.width <= assignment_i.x)
            no_overlap_y : bool = (assignment_i.y + item_i.height <= assignment_j.y) or (assignment_j.y + item_j.height <= assignment_i.y)

            # If in the same box, they must not overlap
            assert not same_box or (no_overlap_x or no_overlap_y)

no_overlap(item_box_assignment, ITEMS)

# --- Auxiliary Variables ---
# Leave empty, if not required.
# --- constraints ---
def items_exactly_one_box(
    item_box_assignment: DSList(length=6, elem_type=BoxAssignment),
    nr_used_boxes: DSInt()
):
    max_box_id : DSInt() = 0
    for i in range(1, N_ITEMS + 1):
        assignment : BoxAssignment = item_box_assignment[i]
        assert assignment.box_id >= 1
        if assignment.box_id > max_box_id:
            max_box_id = assignment.box_id
    assert max_box_id == nr_used_boxes

items_exactly_one_box(item_box_assignment, nr_used_boxes)
**************************
Total failed steps: 0
**************************
----------------------------------------------------------------------------

Process finished with exit code 0


